Archive member included to satisfy reference by file (symbol)

d:/wbudowane/plugins/fr.ac6.mcu.externaltools.arm-none.win32_1.15.0.201708311556/tools/compiler/bin/../lib/gcc/arm-none-eabi/6.3.1/../../../../arm-none-eabi/lib/thumb/v7e-m/fpv4-sp/hard\libc_nano.a(lib_a-exit.o)
                              d:/wbudowane/plugins/fr.ac6.mcu.externaltools.arm-none.win32_1.15.0.201708311556/tools/compiler/bin/../lib/gcc/arm-none-eabi/6.3.1/../../../../arm-none-eabi/lib/thumb/v7e-m/fpv4-sp/hard/crt0.o (exit)
d:/wbudowane/plugins/fr.ac6.mcu.externaltools.arm-none.win32_1.15.0.201708311556/tools/compiler/bin/../lib/gcc/arm-none-eabi/6.3.1/../../../../arm-none-eabi/lib/thumb/v7e-m/fpv4-sp/hard\libc_nano.a(lib_a-impure.o)
                              d:/wbudowane/plugins/fr.ac6.mcu.externaltools.arm-none.win32_1.15.0.201708311556/tools/compiler/bin/../lib/gcc/arm-none-eabi/6.3.1/../../../../arm-none-eabi/lib/thumb/v7e-m/fpv4-sp/hard\libc_nano.a(lib_a-exit.o) (_global_impure_ptr)
d:/wbudowane/plugins/fr.ac6.mcu.externaltools.arm-none.win32_1.15.0.201708311556/tools/compiler/bin/../lib/gcc/arm-none-eabi/6.3.1/../../../../arm-none-eabi/lib/thumb/v7e-m/fpv4-sp/hard\libc_nano.a(lib_a-init.o)
                              d:/wbudowane/plugins/fr.ac6.mcu.externaltools.arm-none.win32_1.15.0.201708311556/tools/compiler/bin/../lib/gcc/arm-none-eabi/6.3.1/../../../../arm-none-eabi/lib/thumb/v7e-m/fpv4-sp/hard/crt0.o (__libc_init_array)
d:/wbudowane/plugins/fr.ac6.mcu.externaltools.arm-none.win32_1.15.0.201708311556/tools/compiler/bin/../lib/gcc/arm-none-eabi/6.3.1/../../../../arm-none-eabi/lib/thumb/v7e-m/fpv4-sp/hard\libc_nano.a(lib_a-memcpy-stub.o)
                              Middlewares/Third_Party/FreeRTOS/Source/queue.o (memcpy)
d:/wbudowane/plugins/fr.ac6.mcu.externaltools.arm-none.win32_1.15.0.201708311556/tools/compiler/bin/../lib/gcc/arm-none-eabi/6.3.1/../../../../arm-none-eabi/lib/thumb/v7e-m/fpv4-sp/hard\libc_nano.a(lib_a-memset.o)
                              d:/wbudowane/plugins/fr.ac6.mcu.externaltools.arm-none.win32_1.15.0.201708311556/tools/compiler/bin/../lib/gcc/arm-none-eabi/6.3.1/../../../../arm-none-eabi/lib/thumb/v7e-m/fpv4-sp/hard/crt0.o (memset)
d:/wbudowane/plugins/fr.ac6.mcu.externaltools.arm-none.win32_1.15.0.201708311556/tools/compiler/bin/../lib/gcc/arm-none-eabi/6.3.1/../../../../arm-none-eabi/lib/thumb/v7e-m/fpv4-sp/hard\libc_nano.a(lib_a-snprintf.o)
                              Src/freertos.o (snprintf)
d:/wbudowane/plugins/fr.ac6.mcu.externaltools.arm-none.win32_1.15.0.201708311556/tools/compiler/bin/../lib/gcc/arm-none-eabi/6.3.1/../../../../arm-none-eabi/lib/thumb/v7e-m/fpv4-sp/hard\libc_nano.a(lib_a-nano-svfprintf.o)
                              d:/wbudowane/plugins/fr.ac6.mcu.externaltools.arm-none.win32_1.15.0.201708311556/tools/compiler/bin/../lib/gcc/arm-none-eabi/6.3.1/../../../../arm-none-eabi/lib/thumb/v7e-m/fpv4-sp/hard\libc_nano.a(lib_a-snprintf.o) (_svfprintf_r)
d:/wbudowane/plugins/fr.ac6.mcu.externaltools.arm-none.win32_1.15.0.201708311556/tools/compiler/bin/../lib/gcc/arm-none-eabi/6.3.1/../../../../arm-none-eabi/lib/thumb/v7e-m/fpv4-sp/hard\libc_nano.a(lib_a-nano-vfprintf_i.o)
                              d:/wbudowane/plugins/fr.ac6.mcu.externaltools.arm-none.win32_1.15.0.201708311556/tools/compiler/bin/../lib/gcc/arm-none-eabi/6.3.1/../../../../arm-none-eabi/lib/thumb/v7e-m/fpv4-sp/hard\libc_nano.a(lib_a-nano-svfprintf.o) (_printf_i)
d:/wbudowane/plugins/fr.ac6.mcu.externaltools.arm-none.win32_1.15.0.201708311556/tools/compiler/bin/../lib/gcc/arm-none-eabi/6.3.1/../../../../arm-none-eabi/lib/thumb/v7e-m/fpv4-sp/hard\libc_nano.a(lib_a-memchr.o)
                              d:/wbudowane/plugins/fr.ac6.mcu.externaltools.arm-none.win32_1.15.0.201708311556/tools/compiler/bin/../lib/gcc/arm-none-eabi/6.3.1/../../../../arm-none-eabi/lib/thumb/v7e-m/fpv4-sp/hard\libc_nano.a(lib_a-nano-svfprintf.o) (memchr)
d:/wbudowane/plugins/fr.ac6.mcu.externaltools.arm-none.win32_1.15.0.201708311556/tools/compiler/bin/../lib/gcc/arm-none-eabi/6.3.1/../../../../arm-none-eabi/lib/thumb/v7e-m/fpv4-sp/hard\libc_nano.a(lib_a-memmove.o)
                              d:/wbudowane/plugins/fr.ac6.mcu.externaltools.arm-none.win32_1.15.0.201708311556/tools/compiler/bin/../lib/gcc/arm-none-eabi/6.3.1/../../../../arm-none-eabi/lib/thumb/v7e-m/fpv4-sp/hard\libc_nano.a(lib_a-nano-svfprintf.o) (memmove)
d:/wbudowane/plugins/fr.ac6.mcu.externaltools.arm-none.win32_1.15.0.201708311556/tools/compiler/bin/../lib/gcc/arm-none-eabi/6.3.1/../../../../arm-none-eabi/lib/thumb/v7e-m/fpv4-sp/hard\libc_nano.a(lib_a-nano-freer.o)
                              d:/wbudowane/plugins/fr.ac6.mcu.externaltools.arm-none.win32_1.15.0.201708311556/tools/compiler/bin/../lib/gcc/arm-none-eabi/6.3.1/../../../../arm-none-eabi/lib/thumb/v7e-m/fpv4-sp/hard\libc_nano.a(lib_a-nano-svfprintf.o) (_free_r)
[...]
Memory Configuration

Name             Origin             Length             Attributes
RAM              0x20000000         0x00010000         xrw
CCMRAM           0x10000000         0x00004000         rw
FLASH            0x08000000         0x00080000         xr
*default*        0x00000000         0xffffffff

Linker script and memory map

LOAD d:/wbudowane/plugins/fr.ac6.mcu.externaltools.arm-none.win32_1.15.0.201708311556/tools/compiler/bin/../lib/gcc/arm-none-eabi/6.3.1/thumb/v7e-m/fpv4-sp/hard/crti.o
LOAD d:/wbudowane/plugins/fr.ac6.mcu.externaltools.arm-none.win32_1.15.0.201708311556/tools/compiler/bin/../lib/gcc/arm-none-eabi/6.3.1/thumb/v7e-m/fpv4-sp/hard/crtbegin.o
LOAD d:/wbudowane/plugins/fr.ac6.mcu.externaltools.arm-none.win32_1.15.0.201708311556/tools/compiler/bin/../lib/gcc/arm-none-eabi/6.3.1/../../../../arm-none-eabi/lib/thumb/v7e-m/fpv4-sp/hard/crt0.o
LOAD Drivers/STM32F3xx_HAL_Driver/Src/stm32f3xx_hal.o
LOAD Drivers/STM32F3xx_HAL_Driver/Src/stm32f3xx_hal_adc.o
LOAD Drivers/STM32F3xx_HAL_Driver/Src/stm32f3xx_hal_adc_ex.o
LOAD Drivers/STM32F3xx_HAL_Driver/Src/stm32f3xx_hal_cortex.o
LOAD Drivers/STM32F3xx_HAL_Driver/Src/stm32f3xx_hal_dma.o
LOAD Drivers/STM32F3xx_HAL_Driver/Src/stm32f3xx_hal_flash.o
LOAD Drivers/STM32F3xx_HAL_Driver/Src/stm32f3xx_hal_flash_ex.o
LOAD Drivers/STM32F3xx_HAL_Driver/Src/stm32f3xx_hal_gpio.o
LOAD Drivers/STM32F3xx_HAL_Driver/Src/stm32f3xx_hal_i2c.o
LOAD Drivers/STM32F3xx_HAL_Driver/Src/stm32f3xx_hal_i2c_ex.o
LOAD Drivers/STM32F3xx_HAL_Driver/Src/stm32f3xx_hal_pwr.o
LOAD Drivers/STM32F3xx_HAL_Driver/Src/stm32f3xx_hal_pwr_ex.o
LOAD Drivers/STM32F3xx_HAL_Driver/Src/stm32f3xx_hal_rcc.o
LOAD Drivers/STM32F3xx_HAL_Driver/Src/stm32f3xx_hal_rcc_ex.o
LOAD Drivers/STM32F3xx_HAL_Driver/Src/stm32f3xx_hal_tim.o
LOAD Drivers/STM32F3xx_HAL_Driver/Src/stm32f3xx_hal_tim_ex.o
LOAD Drivers/STM32F3xx_HAL_Driver/Src/stm32f3xx_hal_uart.o
LOAD Drivers/STM32F3xx_HAL_Driver/Src/stm32f3xx_hal_uart_ex.o
LOAD Middlewares/Third_Party/FreeRTOS/Source/CMSIS_RTOS/cmsis_os.o
LOAD Middlewares/Third_Party/FreeRTOS/Source/croutine.o
LOAD Middlewares/Third_Party/FreeRTOS/Source/event_groups.o
LOAD Middlewares/Third_Party/FreeRTOS/Source/list.o
LOAD Middlewares/Third_Party/FreeRTOS/Source/queue.o
LOAD Middlewares/Third_Party/FreeRTOS/Source/tasks.o
LOAD Middlewares/Third_Party/FreeRTOS/Source/timers.o
LOAD Middlewares/Third_Party/FreeRTOS/Source/portable/GCC/ARM_CM4F/port.o
LOAD Middlewares/Third_Party/FreeRTOS/Source/portable/MemMang/heap_4.o
LOAD Src/adc.o
LOAD Src/freertos.o
LOAD Src/gpio.o
LOAD Src/main.o
LOAD Src/stm32f3xx_hal_msp.o
LOAD Src/stm32f3xx_hal_timebase_TIM.o
LOAD Src/stm32f3xx_it.o
LOAD Src/system_stm32f3xx.o
LOAD Src/usart.o
LOAD startup/startup_stm32f303xe.o
LOAD d:/wbudowane/plugins/fr.ac6.mcu.externaltools.arm-none.win32_1.15.0.201708311556/tools/compiler/bin/../lib/gcc/arm-none-eabi/6.3.1/../../../../arm-none-eabi/lib/thumb/v7e-m/fpv4-sp/hard\libm.a
START GROUP
LOAD d:/wbudowane/plugins/fr.ac6.mcu.externaltools.arm-none.win32_1.15.0.201708311556/tools/compiler/bin/../lib/gcc/arm-none-eabi/6.3.1/thumb/v7e-m/fpv4-sp/hard\libgcc.a
LOAD d:/wbudowane/plugins/fr.ac6.mcu.externaltools.arm-none.win32_1.15.0.201708311556/tools/compiler/bin/../lib/gcc/arm-none-eabi/6.3.1/../../../../arm-none-eabi/lib/thumb/v7e-m/fpv4-sp/hard\libc_nano.a
END GROUP
START GROUP
LOAD d:/wbudowane/plugins/fr.ac6.mcu.externaltools.arm-none.win32_1.15.0.201708311556/tools/compiler/bin/../lib/gcc/arm-none-eabi/6.3.1/thumb/v7e-m/fpv4-sp/hard\libgcc.a
LOAD d:/wbudowane/plugins/fr.ac6.mcu.externaltools.arm-none.win32_1.15.0.201708311556/tools/compiler/bin/../lib/gcc/arm-none-eabi/6.3.1/../../../../arm-none-eabi/lib/thumb/v7e-m/fpv4-sp/hard\libc_nano.a
LOAD d:/wbudowane/plugins/fr.ac6.mcu.externaltools.arm-none.win32_1.15.0.201708311556/tools/compiler/bin/../lib/gcc/arm-none-eabi/6.3.1/../../../../arm-none-eabi/lib/thumb/v7e-m/fpv4-sp/hard\libnosys.a
END GROUP
START GROUP
LOAD d:/wbudowane/plugins/fr.ac6.mcu.externaltools.arm-none.win32_1.15.0.201708311556/tools/compiler/bin/../lib/gcc/arm-none-eabi/6.3.1/thumb/v7e-m/fpv4-sp/hard\libgcc.a
LOAD d:/wbudowane/plugins/fr.ac6.mcu.externaltools.arm-none.win32_1.15.0.201708311556/tools/compiler/bin/../lib/gcc/arm-none-eabi/6.3.1/../../../../arm-none-eabi/lib/thumb/v7e-m/fpv4-sp/hard\libc_nano.a
LOAD d:/wbudowane/plugins/fr.ac6.mcu.externaltools.arm-none.win32_1.15.0.201708311556/tools/compiler/bin/../lib/gcc/arm-none-eabi/6.3.1/../../../../arm-none-eabi/lib/thumb/v7e-m/fpv4-sp/hard\libnosys.a
END GROUP
LOAD d:/wbudowane/plugins/fr.ac6.mcu.externaltools.arm-none.win32_1.15.0.201708311556/tools/compiler/bin/../lib/gcc/arm-none-eabi/6.3.1/thumb/v7e-m/fpv4-sp/hard/crtend.o
LOAD d:/wbudowane/plugins/fr.ac6.mcu.externaltools.arm-none.win32_1.15.0.201708311556/tools/compiler/bin/../lib/gcc/arm-none-eabi/6.3.1/thumb/v7e-m/fpv4-sp/hard/crtn.o
                0x20010000                _estack = 0x20010000
                0x00000200                _Min_Heap_Size = 0x200
                0x00000400                _Min_Stack_Size = 0x400

.isr_vector     0x08000000      0x194
                0x08000000                . = ALIGN (0x4)
 *(.isr_vector)
 .isr_vector    0x08000000      0x194 startup/startup_stm32f303xe.o
                0x08000000                g_pfnVectors
                0x08000194                . = ALIGN (0x4)

.text           0x080001a0     0x4cec
                0x080001a0                . = ALIGN (0x4)
 *(.text)
 .text          0x080001a0       0x6c d:/wbudowane/plugins/fr.ac6.mcu.externaltools.arm-none.win32_1.15.0.201708311556/tools/compiler/bin/../lib/gcc/arm-none-eabi/6.3.1/thumb/v7e-m/fpv4-sp/hard/crtbegin.o
 *fill*         0x0800020c        0x4 
 .text          0x08000210       0xa0 d:/wbudowane/plugins/fr.ac6.mcu.externaltools.arm-none.win32_1.15.0.201708311556/tools/compiler/bin/../lib/gcc/arm-none-eabi/6.3.1/../../../../arm-none-eabi/lib/thumb/v7e-m/fpv4-sp/hard\libc_nano.a(lib_a-memchr.o)
                0x08000210                memchr
 *(.text*)
 .text.HAL_Init
                0x080002b0       0x24 Drivers/STM32F3xx_HAL_Driver/Src/stm32f3xx_hal.o
                0x080002b0                HAL_Init
 .text.HAL_IncTick
                0x080002d4       0x18 Drivers/STM32F3xx_HAL_Driver/Src/stm32f3xx_hal.o
                0x080002d4                HAL_IncTick
 .text.HAL_GetTick
                0x080002ec        0xc Drivers/STM32F3xx_HAL_Driver/Src/stm32f3xx_hal.o
                0x080002ec                HAL_GetTick
 .text.HAL_Delay
                0x080002f8       0x28 Drivers/STM32F3xx_HAL_Driver/Src/stm32f3xx_hal.o
                0x080002f8                HAL_Delay
 .text.ADC_Disable
                0x08000320       0x88 Drivers/STM32F3xx_HAL_Driver/Src/stm32f3xx_hal_adc_ex.o
 .text.ADC_ConversionStop
                0x080003a8       0xd8 Drivers/STM32F3xx_HAL_Driver/Src/stm32f3xx_hal_adc_ex.o
 .text.ADC_Enable
                0x08000480       0x84 Drivers/STM32F3xx_HAL_Driver/Src/stm32f3xx_hal_adc_ex.o
 .text.HAL_ADC_Init
                0x08000504      0x2c0 Drivers/STM32F3xx_HAL_Driver/Src/stm32f3xx_hal_adc_ex.o
                0x08000504                HAL_ADC_Init
 .text.HAL_ADC_Start
                0x080007c4      0x180 Drivers/STM32F3xx_HAL_Driver/Src/stm32f3xx_hal_adc_ex.o
                0x080007c4                HAL_ADC_Start
 .text.HAL_ADC_Stop
                0x08000944       0x4a Drivers/STM32F3xx_HAL_Driver/Src/stm32f3xx_hal_adc_ex.o
                0x08000944                HAL_ADC_Stop
 *fill*         0x0800098e        0x2 
 .text.HAL_ADC_PollForConversion
                0x08000990      0x15c Drivers/STM32F3xx_HAL_Driver/Src/stm32f3xx_hal_adc_ex.o
                0x08000990                HAL_ADC_PollForConversion
 .text.HAL_ADC_GetValue
                0x08000aec        0x6 Drivers/STM32F3xx_HAL_Driver/Src/stm32f3xx_hal_adc_ex.o
                0x08000aec                HAL_ADC_GetValue
 *fill*         0x08000af2        0x2 
 .text.HAL_ADC_ConfigChannel
                0x08000af4      0x3c8 Drivers/STM32F3xx_HAL_Driver/Src/stm32f3xx_hal_adc_ex.o
                0x08000af4                HAL_ADC_ConfigChannel
 .text.HAL_ADCEx_MultiModeConfigChannel
                0x08000ebc      0x180 Drivers/STM32F3xx_HAL_Driver/Src/stm32f3xx_hal_adc_ex.o
                0x08000ebc                HAL_ADCEx_MultiModeConfigChannel
 .text.HAL_NVIC_SetPriorityGrouping
                0x0800103c       0x24 Drivers/STM32F3xx_HAL_Driver/Src/stm32f3xx_hal_cortex.o
                0x0800103c                HAL_NVIC_SetPriorityGrouping
 .text.HAL_NVIC_SetPriority
                0x08001060       0x64 Drivers/STM32F3xx_HAL_Driver/Src/stm32f3xx_hal_cortex.o
                0x08001060                HAL_NVIC_SetPriority
 .text.HAL_NVIC_EnableIRQ
                0x080010c4       0x18 Drivers/STM32F3xx_HAL_Driver/Src/stm32f3xx_hal_cortex.o
                0x080010c4                HAL_NVIC_EnableIRQ
 .text.HAL_SYSTICK_Config
                0x080010dc       0x2c Drivers/STM32F3xx_HAL_Driver/Src/stm32f3xx_hal_cortex.o
                0x080010dc                HAL_SYSTICK_Config
 .text.HAL_SYSTICK_CLKSourceConfig
                0x08001108       0x20 Drivers/STM32F3xx_HAL_Driver/Src/stm32f3xx_hal_cortex.o
                0x08001108                HAL_SYSTICK_CLKSourceConfig
 .text.HAL_GPIO_Init
                0x08001128      0x1b4 Drivers/STM32F3xx_HAL_Driver/Src/stm32f3xx_hal_gpio.o
                0x08001128                HAL_GPIO_Init
 .text.HAL_GPIO_WritePin
                0x080012dc        0xa Drivers/STM32F3xx_HAL_Driver/Src/stm32f3xx_hal_gpio.o
                0x080012dc                HAL_GPIO_WritePin
 *fill*         0x080012e6        0x2 
 .text.HAL_RCC_OscConfig
                0x080012e8      0x610 Drivers/STM32F3xx_HAL_Driver/Src/stm32f3xx_hal_rcc.o
                0x080012e8                HAL_RCC_OscConfig
 .text.HAL_RCC_GetSysClockFreq
                0x080018f8       0x70 Drivers/STM32F3xx_HAL_Driver/Src/stm32f3xx_hal_rcc.o
                0x080018f8                HAL_RCC_GetSysClockFreq
 .text.HAL_RCC_ClockConfig
                0x08001968      0x1d4 Drivers/STM32F3xx_HAL_Driver/Src/stm32f3xx_hal_rcc.o
                0x08001968                HAL_RCC_ClockConfig
 .text.HAL_RCC_GetHCLKFreq
                0x08001b3c        0xc Drivers/STM32F3xx_HAL_Driver/Src/stm32f3xx_hal_rcc.o
                0x08001b3c                HAL_RCC_GetHCLKFreq
 .text.HAL_RCC_GetPCLK1Freq
                0x08001b48       0x2c Drivers/STM32F3xx_HAL_Driver/Src/stm32f3xx_hal_rcc.o
                0x08001b48                HAL_RCC_GetPCLK1Freq
 .text.HAL_RCC_GetPCLK2Freq
                0x08001b74       0x2c Drivers/STM32F3xx_HAL_Driver/Src/stm32f3xx_hal_rcc.o
                0x08001b74                HAL_RCC_GetPCLK2Freq
 .text.HAL_RCC_GetClockConfig
                0x08001ba0       0x3c Drivers/STM32F3xx_HAL_Driver/Src/stm32f3xx_hal_rcc.o
                0x08001ba0                HAL_RCC_GetClockConfig
 .text.HAL_RCCEx_PeriphCLKConfig
                0x08001bdc      0x308 Drivers/STM32F3xx_HAL_Driver/Src/stm32f3xx_hal_rcc_ex.o
                0x08001bdc                HAL_RCCEx_PeriphCLKConfig
 .text.HAL_TIM_Base_MspInit
                0x08001ee4        0x2 Drivers/STM32F3xx_HAL_Driver/Src/stm32f3xx_hal_tim.o
                0x08001ee4                HAL_TIM_Base_MspInit
 .text.HAL_TIM_Base_Start_IT
                0x08001ee6       0x18 Drivers/STM32F3xx_HAL_Driver/Src/stm32f3xx_hal_tim.o
                0x08001ee6                HAL_TIM_Base_Start_IT
 .text.HAL_TIM_OC_DelayElapsedCallback
                0x08001efe        0x2 Drivers/STM32F3xx_HAL_Driver/Src/stm32f3xx_hal_tim.o
                0x08001efe                HAL_TIM_OC_DelayElapsedCallback
 .text.HAL_TIM_IC_CaptureCallback
                0x08001f00        0x2 Drivers/STM32F3xx_HAL_Driver/Src/stm32f3xx_hal_tim.o
                0x08001f00                HAL_TIM_IC_CaptureCallback
 .text.HAL_TIM_PWM_PulseFinishedCallback
                0x08001f02        0x2 Drivers/STM32F3xx_HAL_Driver/Src/stm32f3xx_hal_tim.o
                0x08001f02                HAL_TIM_PWM_PulseFinishedCallback
 .text.HAL_TIM_TriggerCallback
                0x08001f04        0x2 Drivers/STM32F3xx_HAL_Driver/Src/stm32f3xx_hal_tim.o
                0x08001f04                HAL_TIM_TriggerCallback
 .text.HAL_TIM_IRQHandler
                0x08001f06      0x19a Drivers/STM32F3xx_HAL_Driver/Src/stm32f3xx_hal_tim.o
                0x08001f06                HAL_TIM_IRQHandler
 .text.TIM_Base_SetConfig
                0x080020a0       0xd0 Drivers/STM32F3xx_HAL_Driver/Src/stm32f3xx_hal_tim.o
                0x080020a0                TIM_Base_SetConfig
 .text.HAL_TIM_Base_Init
                0x08002170       0x32 Drivers/STM32F3xx_HAL_Driver/Src/stm32f3xx_hal_tim.o
                0x08002170                HAL_TIM_Base_Init
 .text.HAL_TIMEx_CommutationCallback
                0x080021a2        0x2 Drivers/STM32F3xx_HAL_Driver/Src/stm32f3xx_hal_tim_ex.o
                0x080021a2                HAL_TIMEx_CommutationCallback
 .text.HAL_TIMEx_BreakCallback
                0x080021a4        0x2 Drivers/STM32F3xx_HAL_Driver/Src/stm32f3xx_hal_tim_ex.o
                0x080021a4                HAL_TIMEx_BreakCallback
 .text.HAL_TIMEx_Break2Callback
                0x080021a6        0x2 Drivers/STM32F3xx_HAL_Driver/Src/stm32f3xx_hal_tim_ex.o
                0x080021a6                HAL_TIMEx_Break2Callback
 .text.UART_SetConfig
                0x080021a8      0x29c Drivers/STM32F3xx_HAL_Driver/Src/stm32f3xx_hal_uart.o
                0x080021a8                UART_SetConfig
 .text.UART_AdvFeatureConfig
                0x08002444       0xca Drivers/STM32F3xx_HAL_Driver/Src/stm32f3xx_hal_uart.o
                0x08002444                UART_AdvFeatureConfig
 .text.UART_WaitOnFlagUntilTimeout
                0x0800250e       0x64 Drivers/STM32F3xx_HAL_Driver/Src/stm32f3xx_hal_uart.o
                0x0800250e                UART_WaitOnFlagUntilTimeout
 .text.HAL_UART_Transmit
                0x08002572       0xd0 Drivers/STM32F3xx_HAL_Driver/Src/stm32f3xx_hal_uart.o
                0x08002572                HAL_UART_Transmit
 .text.UART_CheckIdleState
                0x08002642       0x70 Drivers/STM32F3xx_HAL_Driver/Src/stm32f3xx_hal_uart.o
                0x08002642                UART_CheckIdleState
 .text.HAL_UART_Init
                0x080026b2       0x68 Drivers/STM32F3xx_HAL_Driver/Src/stm32f3xx_hal_uart.o
                0x080026b2                HAL_UART_Init
 .text.makeFreeRtosPriority
                0x0800271a        0xc Middlewares/Third_Party/FreeRTOS/Source/CMSIS_RTOS/cmsis_os.o
 .text.inHandlerMode
                0x08002726        0xc Middlewares/Third_Party/FreeRTOS/Source/CMSIS_RTOS/cmsis_os.o
 .text.osKernelStart
                0x08002732        0xa Middlewares/Third_Party/FreeRTOS/Source/CMSIS_RTOS/cmsis_os.o
                0x08002732                osKernelStart
 .text.osThreadCreate
                0x0800273c       0x34 Middlewares/Third_Party/FreeRTOS/Source/CMSIS_RTOS/cmsis_os.o
                0x0800273c                osThreadCreate
 .text.osDelay  0x08002770       0x12 Middlewares/Third_Party/FreeRTOS/Source/CMSIS_RTOS/cmsis_os.o
                0x08002770                osDelay
 .text.osMessageCreate
                0x08002782        0xe Middlewares/Third_Party/FreeRTOS/Source/CMSIS_RTOS/cmsis_os.o
                0x08002782                osMessageCreate
 .text.osMessagePut
                0x08002790       0x68 Middlewares/Third_Party/FreeRTOS/Source/CMSIS_RTOS/cmsis_os.o
                0x08002790                osMessagePut
 .text.osMessageGet
                0x080027f8       0xa0 Middlewares/Third_Party/FreeRTOS/Source/CMSIS_RTOS/cmsis_os.o
                0x080027f8                osMessageGet
 .text.osSystickHandler
                0x08002898       0x10 Middlewares/Third_Party/FreeRTOS/Source/CMSIS_RTOS/cmsis_os.o
                0x08002898                osSystickHandler
 .text.vListInitialise
                0x080028a8       0x16 Middlewares/Third_Party/FreeRTOS/Source/list.o
                0x080028a8                vListInitialise
 .text.vListInitialiseItem
                0x080028be        0x6 Middlewares/Third_Party/FreeRTOS/Source/list.o
                0x080028be                vListInitialiseItem
 .text.vListInsertEnd
                0x080028c4       0x18 Middlewares/Third_Party/FreeRTOS/Source/list.o
                0x080028c4                vListInsertEnd
 .text.vListInsert
                0x080028dc       0x34 Middlewares/Third_Party/FreeRTOS/Source/list.o
                0x080028dc                vListInsert
 .text.uxListRemove
                0x08002910       0x26 Middlewares/Third_Party/FreeRTOS/Source/list.o
                0x08002910                uxListRemove
 .text.prvIsQueueFull
                0x08002936       0x1e Middlewares/Third_Party/FreeRTOS/Source/queue.o
 .text.prvIsQueueEmpty
                0x08002954       0x1a Middlewares/Third_Party/FreeRTOS/Source/queue.o
 .text.prvCopyDataToQueue
                0x0800296e       0x76 Middlewares/Third_Party/FreeRTOS/Source/queue.o
 .text.prvCopyDataFromQueue
                0x080029e4       0x24 Middlewares/Third_Party/FreeRTOS/Source/queue.o
 .text.prvUnlockQueue
                0x08002a08       0x6e Middlewares/Third_Party/FreeRTOS/Source/queue.o
 *fill*         0x08002a76        0x2 
 .text.xQueueGenericReset
                0x08002a78       0x80 Middlewares/Third_Party/FreeRTOS/Source/queue.o
                0x08002a78                xQueueGenericReset
 .text.prvInitialiseNewQueue
                0x08002af8       0x1c Middlewares/Third_Party/FreeRTOS/Source/queue.o
 .text.xQueueGenericCreate
                0x08002b14       0x48 Middlewares/Third_Party/FreeRTOS/Source/queue.o
                0x08002b14                xQueueGenericCreate
 .text.xQueueGenericSend
                0x08002b5c      0x188 Middlewares/Third_Party/FreeRTOS/Source/queue.o
                0x08002b5c                xQueueGenericSend
 .text.xQueueGenericSendFromISR
                0x08002ce4       0xde Middlewares/Third_Party/FreeRTOS/Source/queue.o
                0x08002ce4                xQueueGenericSendFromISR
 *fill*         0x08002dc2        0x2 
 .text.xQueueGenericReceive
                0x08002dc4      0x1b0 Middlewares/Third_Party/FreeRTOS/Source/queue.o
                0x08002dc4                xQueueGenericReceive
 .text.xQueueReceiveFromISR
                0x08002f74       0xb6 Middlewares/Third_Party/FreeRTOS/Source/queue.o
                0x08002f74                xQueueReceiveFromISR
 *fill*         0x0800302a        0x2 
 .text.prvResetNextTaskUnblockTime
                0x0800302c       0x2c Middlewares/Third_Party/FreeRTOS/Source/tasks.o
 .text.prvDeleteTCB
                0x08003058       0x12 Middlewares/Third_Party/FreeRTOS/Source/tasks.o
 .text.prvInitialiseNewTask
                0x0800306a       0x80 Middlewares/Third_Party/FreeRTOS/Source/tasks.o
 *fill*         0x080030ea        0x2 
 .text.prvInitialiseTaskLists
                0x080030ec       0x58 Middlewares/Third_Party/FreeRTOS/Source/tasks.o
 .text.prvAddNewTaskToReadyList
                0x08003144       0xac Middlewares/Third_Party/FreeRTOS/Source/tasks.o
 .text.prvAddCurrentTaskToDelayedList
                0x080031f0       0x88 Middlewares/Third_Party/FreeRTOS/Source/tasks.o
 .text.xTaskCreate
                0x08003278       0x62 Middlewares/Third_Party/FreeRTOS/Source/tasks.o
                0x08003278                xTaskCreate
 *fill*         0x080032da        0x2 
 .text.vTaskStartScheduler
                0x080032dc       0x74 Middlewares/Third_Party/FreeRTOS/Source/tasks.o
                0x080032dc                vTaskStartScheduler
 .text.vTaskSuspendAll
                0x08003350       0x14 Middlewares/Third_Party/FreeRTOS/Source/tasks.o
                0x08003350                vTaskSuspendAll
 .text.xTaskIncrementTick
                0x08003364      0x114 Middlewares/Third_Party/FreeRTOS/Source/tasks.o
                0x08003364                xTaskIncrementTick
 .text.xTaskResumeAll
                0x08003478       0xf4 Middlewares/Third_Party/FreeRTOS/Source/tasks.o
                0x08003478                xTaskResumeAll
 .text.vTaskDelay
                0x0800356c       0x50 Middlewares/Third_Party/FreeRTOS/Source/tasks.o
                0x0800356c                vTaskDelay
 .text.prvCheckTasksWaitingTermination
                0x080035bc       0x54 Middlewares/Third_Party/FreeRTOS/Source/tasks.o
 .text.prvIdleTask
                0x08003610       0x28 Middlewares/Third_Party/FreeRTOS/Source/tasks.o
 .text.vTaskSwitchContext
                0x08003638       0x90 Middlewares/Third_Party/FreeRTOS/Source/tasks.o
                0x08003638                vTaskSwitchContext
 .text.vTaskPlaceOnEventList
                0x080036c8       0x34 Middlewares/Third_Party/FreeRTOS/Source/tasks.o
                0x080036c8                vTaskPlaceOnEventList
 .text.xTaskRemoveFromEventList
                0x080036fc       0x84 Middlewares/Third_Party/FreeRTOS/Source/tasks.o
                0x080036fc                xTaskRemoveFromEventList
 .text.vTaskSetTimeOutState
                0x08003780       0x28 Middlewares/Third_Party/FreeRTOS/Source/tasks.o
                0x08003780                vTaskSetTimeOutState
 .text.xTaskCheckForTimeOut
                0x080037a8       0x80 Middlewares/Third_Party/FreeRTOS/Source/tasks.o
                0x080037a8                xTaskCheckForTimeOut
 .text.vTaskMissedYield
                0x08003828       0x10 Middlewares/Third_Party/FreeRTOS/Source/tasks.o
                0x08003828                vTaskMissedYield
 .text.xTaskGetSchedulerState
                0x08003838       0x20 Middlewares/Third_Party/FreeRTOS/Source/tasks.o
                0x08003838                xTaskGetSchedulerState
 .text.vTaskPriorityInherit
                0x08003858       0xb0 Middlewares/Third_Party/FreeRTOS/Source/tasks.o
                0x08003858                vTaskPriorityInherit
 .text.xTaskPriorityDisinherit
                0x08003908       0xb8 Middlewares/Third_Party/FreeRTOS/Source/tasks.o
                0x08003908                xTaskPriorityDisinherit
 .text.pvTaskIncrementMutexHeldCount
                0x080039c0       0x20 Middlewares/Third_Party/FreeRTOS/Source/tasks.o
                0x080039c0                pvTaskIncrementMutexHeldCount
 .text.prvTaskExitError
                0x080039e0       0x34 Middlewares/Third_Party/FreeRTOS/Source/portable/GCC/ARM_CM4F/port.o
 .text.prvPortStartFirstTask
                0x08003a14       0x20 Middlewares/Third_Party/FreeRTOS/Source/portable/GCC/ARM_CM4F/port.o
 .text.vPortEnableVFP
                0x08003a34       0x14 Middlewares/Third_Party/FreeRTOS/Source/portable/GCC/ARM_CM4F/port.o
 .text.pxPortInitialiseStack
                0x08003a48       0x2c Middlewares/Third_Party/FreeRTOS/Source/portable/GCC/ARM_CM4F/port.o
                0x08003a48                pxPortInitialiseStack
 *fill*         0x08003a74        0xc 
 .text.SVC_Handler
                0x08003a80       0x24 Middlewares/Third_Party/FreeRTOS/Source/portable/GCC/ARM_CM4F/port.o
                0x08003a80                SVC_Handler
 .text.vPortEnterCritical
                0x08003aa4       0x44 Middlewares/Third_Party/FreeRTOS/Source/portable/GCC/ARM_CM4F/port.o
                0x08003aa4                vPortEnterCritical
 .text.vPortExitCritical
                0x08003ae8       0x2c Middlewares/Third_Party/FreeRTOS/Source/portable/GCC/ARM_CM4F/port.o
                0x08003ae8                vPortExitCritical
 *fill*         0x08003b14        0xc 
 .text.PendSV_Handler
                0x08003b20       0x64 Middlewares/Third_Party/FreeRTOS/Source/portable/GCC/ARM_CM4F/port.o
                0x08003b20                PendSV_Handler
 .text.xPortSysTickHandler
                0x08003b84       0x2c Middlewares/Third_Party/FreeRTOS/Source/portable/GCC/ARM_CM4F/port.o
                0x08003b84                xPortSysTickHandler
 .text.vPortSetupTimerInterrupt
                0x08003bb0       0x2c Middlewares/Third_Party/FreeRTOS/Source/portable/GCC/ARM_CM4F/port.o
                0x08003bb0                vPortSetupTimerInterrupt
 .text.xPortStartScheduler
                0x08003bdc       0xe8 Middlewares/Third_Party/FreeRTOS/Source/portable/GCC/ARM_CM4F/port.o
                0x08003bdc                xPortStartScheduler
 .text.vPortValidateInterruptPriority
                0x08003cc4       0x58 Middlewares/Third_Party/FreeRTOS/Source/portable/GCC/ARM_CM4F/port.o
                0x08003cc4                vPortValidateInterruptPriority
 .text.prvHeapInit
                0x08003d1c       0x58 Middlewares/Third_Party/FreeRTOS/Source/portable/MemMang/heap_4.o
 .text.prvInsertBlockIntoFreeList
                0x08003d74       0x58 Middlewares/Third_Party/FreeRTOS/Source/portable/MemMang/heap_4.o
 .text.pvPortMalloc
                0x08003dcc      0x108 Middlewares/Third_Party/FreeRTOS/Source/portable/MemMang/heap_4.o
                0x08003dcc                pvPortMalloc
 .text.vPortFree
                0x08003ed4       0x70 Middlewares/Third_Party/FreeRTOS/Source/portable/MemMang/heap_4.o
                0x08003ed4                vPortFree
 .text.MX_ADC1_Init
                0x08003f44       0xc0 Src/adc.o
                0x08003f44                MX_ADC1_Init
 .text.HAL_ADC_MspInit
                0x08004004       0x44 Src/adc.o
                0x08004004                HAL_ADC_MspInit
 .text.StartDefaultTask
                0x08004048       0x58 Src/freertos.o
                0x08004048                StartDefaultTask
 .text.StartReadTask
                0x080040a0       0x42 Src/freertos.o
                0x080040a0                StartReadTask
 *fill*         0x080040e2        0x2 
 .text.StartServoTask
                0x080040e4       0x50 Src/freertos.o
                0x080040e4                StartServoTask
 .text.MX_FREERTOS_Init
                0x08004134       0x84 Src/freertos.o
                0x08004134                MX_FREERTOS_Init
 .text.MX_GPIO_Init
                0x080041b8       0x98 Src/gpio.o
                0x080041b8                MX_GPIO_Init
 .text.HAL_TIM_PeriodElapsedCallback
                0x08004250       0x18 Src/main.o
                0x08004250                HAL_TIM_PeriodElapsedCallback
 .text._Error_Handler
                0x08004268        0x2 Src/main.o
                0x08004268                _Error_Handler
 *fill*         0x0800426a        0x2 
 .text.SystemClock_Config
                0x0800426c       0xa4 Src/main.o
                0x0800426c                SystemClock_Config
 .text.main     0x08004310       0x3c Src/main.o
                0x08004310                main
 .text.HAL_MspInit
                0x0800434c       0x7c Src/stm32f3xx_hal_msp.o
                0x0800434c                HAL_MspInit
 .text.HAL_InitTick
                0x080043c8       0x78 Src/stm32f3xx_hal_timebase_TIM.o
                0x080043c8                HAL_InitTick
 .text.SysTick_Handler
                0x08004440        0x8 Src/stm32f3xx_it.o
                0x08004440                SysTick_Handler
 .text.TIM1_UP_TIM16_IRQHandler
                0x08004448       0x10 Src/stm32f3xx_it.o
                0x08004448                TIM1_UP_TIM16_IRQHandler
 .text.SystemInit
                0x08004458       0x68 Src/system_stm32f3xx.o
                0x08004458                SystemInit
 .text.MX_USART2_UART_Init
                0x080044c0       0x44 Src/usart.o
                0x080044c0                MX_USART2_UART_Init
 .text.HAL_UART_MspInit
                0x08004504       0x4c Src/usart.o
                0x08004504                HAL_UART_MspInit
 .text.Reset_Handler
                0x08004550       0x50 startup/startup_stm32f303xe.o
                0x08004550                Reset_Handler
 .text.Default_Handler
                0x080045a0        0x2 startup/startup_stm32f303xe.o
                0x080045a0                RTC_Alarm_IRQHandler
                0x080045a0                TIM8_TRG_COM_IRQHandler
                0x080045a0                TIM8_CC_IRQHandler
                0x080045a0                DebugMon_Handler
                0x080045a0                SPI4_IRQHandler
                0x080045a0                TIM1_CC_IRQHandler
                0x080045a0                HardFault_Handler
                0x080045a0                USB_HP_IRQHandler
                0x080045a0                PVD_IRQHandler
                0x080045a0                TAMP_STAMP_IRQHandler
                0x080045a0                NMI_Handler
                0x080045a0                EXTI3_IRQHandler
                0x080045a0                I2C3_ER_IRQHandler
                0x080045a0                USB_HP_CAN_TX_IRQHandler
                0x080045a0                EXTI0_IRQHandler
                0x080045a0                I2C2_EV_IRQHandler
                0x080045a0                FPU_IRQHandler
                0x080045a0                UsageFault_Handler
                0x080045a0                ADC1_2_IRQHandler
                0x080045a0                SPI1_IRQHandler
                0x080045a0                CAN_SCE_IRQHandler
                0x080045a0                TIM6_DAC_IRQHandler
                0x080045a0                TIM8_UP_IRQHandler
                0x080045a0                DMA2_Channel2_IRQHandler
                0x080045a0                DMA1_Channel4_IRQHandler
                0x080045a0                TIM20_TRG_COM_IRQHandler
                0x080045a0                USART3_IRQHandler
                0x080045a0                DMA1_Channel7_IRQHandler
                0x080045a0                UART5_IRQHandler
                0x080045a0                ADC3_IRQHandler
                0x080045a0                TIM4_IRQHandler
                0x080045a0                CAN_RX1_IRQHandler
                0x080045a0                DMA2_Channel1_IRQHandler
                0x080045a0                I2C1_EV_IRQHandler
                0x080045a0                DMA1_Channel6_IRQHandler
                0x080045a0                UART4_IRQHandler
                0x080045a0                DMA2_Channel4_IRQHandler
                0x080045a0                TIM3_IRQHandler
                0x080045a0                RCC_IRQHandler
                0x080045a0                TIM20_UP_IRQHandler
                0x080045a0                DMA1_Channel1_IRQHandler
                0x080045a0                Default_Handler
                0x080045a0                USBWakeUp_RMP_IRQHandler
                0x080045a0                EXTI15_10_IRQHandler
                0x080045a0                TIM7_IRQHandler
                0x080045a0                I2C3_EV_IRQHandler
                0x080045a0                EXTI9_5_IRQHandler
                0x080045a0                RTC_WKUP_IRQHandler
                0x080045a0                SPI2_IRQHandler
                0x080045a0                USB_LP_CAN_RX0_IRQHandler
                0x080045a0                MemManage_Handler
                0x080045a0                DMA2_Channel5_IRQHandler
                0x080045a0                DMA1_Channel5_IRQHandler
                0x080045a0                USB_LP_IRQHandler
                0x080045a0                EXTI4_IRQHandler
                0x080045a0                TIM1_TRG_COM_TIM17_IRQHandler
                0x080045a0                DMA1_Channel3_IRQHandler
                0x080045a0                ADC4_IRQHandler
                0x080045a0                WWDG_IRQHandler
                0x080045a0                TIM2_IRQHandler
                0x080045a0                COMP7_IRQHandler
                0x080045a0                COMP1_2_3_IRQHandler
                0x080045a0                EXTI1_IRQHandler
                0x080045a0                USART2_IRQHandler
                0x080045a0                COMP4_5_6_IRQHandler
                0x080045a0                TIM20_BRK_IRQHandler
                0x080045a0                I2C2_ER_IRQHandler
                0x080045a0                DMA1_Channel2_IRQHandler
                0x080045a0                TIM8_BRK_IRQHandler
                0x080045a0                FLASH_IRQHandler
                0x080045a0                TIM20_CC_IRQHandler
                0x080045a0                BusFault_Handler
                0x080045a0                USART1_IRQHandler
                0x080045a0                SPI3_IRQHandler
                0x080045a0                I2C1_ER_IRQHandler
                0x080045a0                FMC_IRQHandler
                0x080045a0                USBWakeUp_IRQHandler
                0x080045a0                DMA2_Channel3_IRQHandler
                0x080045a0                EXTI2_TSC_IRQHandler
                0x080045a0                TIM1_BRK_TIM15_IRQHandler
 *fill*         0x080045a2        0x2 
 .text.__libc_init_array
                0x080045a4       0x48 d:/wbudowane/plugins/fr.ac6.mcu.externaltools.arm-none.win32_1.15.0.201708311556/tools/compiler/bin/../lib/gcc/arm-none-eabi/6.3.1/../../../../arm-none-eabi/lib/thumb/v7e-m/fpv4-sp/hard\libc_nano.a(lib_a-init.o)
                0x080045a4                __libc_init_array
 .text.memcpy   0x080045ec       0x16 d:/wbudowane/plugins/fr.ac6.mcu.externaltools.arm-none.win32_1.15.0.201708311556/tools/compiler/bin/../lib/gcc/arm-none-eabi/6.3.1/../../../../arm-none-eabi/lib/thumb/v7e-m/fpv4-sp/hard\libc_nano.a(lib_a-memcpy-stub.o)
                0x080045ec                memcpy
 .text.memset   0x08004602       0x10 d:/wbudowane/plugins/fr.ac6.mcu.externaltools.arm-none.win32_1.15.0.201708311556/tools/compiler/bin/../lib/gcc/arm-none-eabi/6.3.1/../../../../arm-none-eabi/lib/thumb/v7e-m/fpv4-sp/hard\libc_nano.a(lib_a-memset.o)
                0x08004602                memset
 *fill*         0x08004612        0x2 
 .text.snprintf
                0x08004614       0x68 d:/wbudowane/plugins/fr.ac6.mcu.externaltools.arm-none.win32_1.15.0.201708311556/tools/compiler/bin/../lib/gcc/arm-none-eabi/6.3.1/../../../../arm-none-eabi/lib/thumb/v7e-m/fpv4-sp/hard\libc_nano.a(lib_a-snprintf.o)
                0x08004614                sniprintf
                0x08004614                snprintf
 .text.__ssputs_r
                0x0800467c       0xb6 d:/wbudowane/plugins/fr.ac6.mcu.externaltools.arm-none.win32_1.15.0.201708311556/tools/compiler/bin/../lib/gcc/arm-none-eabi/6.3.1/../../../../arm-none-eabi/lib/thumb/v7e-m/fpv4-sp/hard\libc_nano.a(lib_a-nano-svfprintf.o)
                0x0800467c                __ssputs_r
 *fill*         0x08004732        0x2 
 .text._svfprintf_r
                0x08004734      0x1e8 d:/wbudowane/plugins/fr.ac6.mcu.externaltools.arm-none.win32_1.15.0.201708311556/tools/compiler/bin/../lib/gcc/arm-none-eabi/6.3.1/../../../../arm-none-eabi/lib/thumb/v7e-m/fpv4-sp/hard\libc_nano.a(lib_a-nano-svfprintf.o)
                0x08004734                _svfiprintf_r
                0x08004734                _svfprintf_r
 .text._printf_common
                0x0800491c       0xec d:/wbudowane/plugins/fr.ac6.mcu.externaltools.arm-none.win32_1.15.0.201708311556/tools/compiler/bin/../lib/gcc/arm-none-eabi/6.3.1/../../../../arm-none-eabi/lib/thumb/v7e-m/fpv4-sp/hard\libc_nano.a(lib_a-nano-vfprintf_i.o)
                0x0800491c                _printf_common
 .text._printf_i
                0x08004a08      0x240 d:/wbudowane/plugins/fr.ac6.mcu.externaltools.arm-none.win32_1.15.0.201708311556/tools/compiler/bin/../lib/gcc/arm-none-eabi/6.3.1/../../../../arm-none-eabi/lib/thumb/v7e-m/fpv4-sp/hard\libc_nano.a(lib_a-nano-vfprintf_i.o)
                0x08004a08                _printf_i
 .text.memmove  0x08004c48       0x34 d:/wbudowane/plugins/fr.ac6.mcu.externaltools.arm-none.win32_1.15.0.201708311556/tools/compiler/bin/../lib/gcc/arm-none-eabi/6.3.1/../../../../arm-none-eabi/lib/thumb/v7e-m/fpv4-sp/hard\libc_nano.a(lib_a-memmove.o)
                0x08004c48                memmove
 .text._free_r  0x08004c7c       0x9c d:/wbudowane/plugins/fr.ac6.mcu.externaltools.arm-none.win32_1.15.0.201708311556/tools/compiler/bin/../lib/gcc/arm-none-eabi/6.3.1/../../../../arm-none-eabi/lib/thumb/v7e-m/fpv4-sp/hard\libc_nano.a(lib_a-nano-freer.o)
                0x08004c7c                _free_r
 .text._malloc_r
                0x08004d18       0xbc d:/wbudowane/plugins/fr.ac6.mcu.externaltools.arm-none.win32_1.15.0.201708311556/tools/compiler/bin/../lib/gcc/arm-none-eabi/6.3.1/../../../../arm-none-eabi/lib/thumb/v7e-m/fpv4-sp/hard\libc_nano.a(lib_a-nano-mallocr.o)
                0x08004d18                _malloc_r
 .text._realloc_r
                0x08004dd4       0x4c d:/wbudowane/plugins/fr.ac6.mcu.externaltools.arm-none.win32_1.15.0.201708311556/tools/compiler/bin/../lib/gcc/arm-none-eabi/6.3.1/../../../../arm-none-eabi/lib/thumb/v7e-m/fpv4-sp/hard\libc_nano.a(lib_a-nano-reallocr.o)
                0x08004dd4                _realloc_r
 .text._sbrk_r  0x08004e20       0x20 d:/wbudowane/plugins/fr.ac6.mcu.externaltools.arm-none.win32_1.15.0.201708311556/tools/compiler/bin/../lib/gcc/arm-none-eabi/6.3.1/../../../../arm-none-eabi/lib/thumb/v7e-m/fpv4-sp/hard\libc_nano.a(lib_a-sbrkr.o)
                0x08004e20                _sbrk_r
 .text.__malloc_lock
                0x08004e40        0x2 d:/wbudowane/plugins/fr.ac6.mcu.externaltools.arm-none.win32_1.15.0.201708311556/tools/compiler/bin/../lib/gcc/arm-none-eabi/6.3.1/../../../../arm-none-eabi/lib/thumb/v7e-m/fpv4-sp/hard\libc_nano.a(lib_a-mlock.o)
                0x08004e40                __malloc_lock
 .text.__malloc_unlock
                0x08004e42        0x2 d:/wbudowane/plugins/fr.ac6.mcu.externaltools.arm-none.win32_1.15.0.201708311556/tools/compiler/bin/../lib/gcc/arm-none-eabi/6.3.1/../../../../arm-none-eabi/lib/thumb/v7e-m/fpv4-sp/hard\libc_nano.a(lib_a-mlock.o)
                0x08004e42                __malloc_unlock
 .text._malloc_usable_size_r
                0x08004e44       0x12 d:/wbudowane/plugins/fr.ac6.mcu.externaltools.arm-none.win32_1.15.0.201708311556/tools/compiler/bin/../lib/gcc/arm-none-eabi/6.3.1/../../../../arm-none-eabi/lib/thumb/v7e-m/fpv4-sp/hard\libc_nano.a(lib_a-nano-msizer.o)
                0x08004e44                _malloc_usable_size_r
 *fill*         0x08004e56        0x2 
 .text._sbrk    0x08004e58       0x1c d:/wbudowane/plugins/fr.ac6.mcu.externaltools.arm-none.win32_1.15.0.201708311556/tools/compiler/bin/../lib/gcc/arm-none-eabi/6.3.1/../../../../arm-none-eabi/lib/thumb/v7e-m/fpv4-sp/hard\libnosys.a(sbrk.o)
                0x08004e58                _sbrk
 *(.glue_7)
 .glue_7        0x08004e74        0x0 linker stubs
 *(.glue_7t)
 .glue_7t       0x08004e74        0x0 linker stubs
 *(.eh_frame)
 .eh_frame      0x08004e74        0x0 d:/wbudowane/plugins/fr.ac6.mcu.externaltools.arm-none.win32_1.15.0.201708311556/tools/compiler/bin/../lib/gcc/arm-none-eabi/6.3.1/thumb/v7e-m/fpv4-sp/hard/crtbegin.o
 *(.init)
 .init          0x08004e74        0x4 d:/wbudowane/plugins/fr.ac6.mcu.externaltools.arm-none.win32_1.15.0.201708311556/tools/compiler/bin/../lib/gcc/arm-none-eabi/6.3.1/thumb/v7e-m/fpv4-sp/hard/crti.o
                0x08004e74                _init
 .init          0x08004e78        0x8 d:/wbudowane/plugins/fr.ac6.mcu.externaltools.arm-none.win32_1.15.0.201708311556/tools/compiler/bin/../lib/gcc/arm-none-eabi/6.3.1/thumb/v7e-m/fpv4-sp/hard/crtn.o
 *(.fini)
 .fini          0x08004e80        0x4 d:/wbudowane/plugins/fr.ac6.mcu.externaltools.arm-none.win32_1.15.0.201708311556/tools/compiler/bin/../lib/gcc/arm-none-eabi/6.3.1/thumb/v7e-m/fpv4-sp/hard/crti.o
                0x08004e80                _fini
 .fini          0x08004e84        0x8 d:/wbudowane/plugins/fr.ac6.mcu.externaltools.arm-none.win32_1.15.0.201708311556/tools/compiler/bin/../lib/gcc/arm-none-eabi/6.3.1/thumb/v7e-m/fpv4-sp/hard/crtn.o
                0x08004e8c                . = ALIGN (0x4)
                0x08004e8c                _etext = .

.vfp11_veneer   0x08004e8c        0x0
 .vfp11_veneer  0x08004e8c        0x0 linker stubs

.v4_bx          0x08004e8c        0x0
 .v4_bx         0x08004e8c        0x0 linker stubs

.iplt           0x08004e8c        0x0
 .iplt          0x08004e8c        0x0 d:/wbudowane/plugins/fr.ac6.mcu.externaltools.arm-none.win32_1.15.0.201708311556/tools/compiler/bin/../lib/gcc/arm-none-eabi/6.3.1/thumb/v7e-m/fpv4-sp/hard/crtbegin.o

.rodata         0x08004e8c      0x11c
                0x08004e8c                . = ALIGN (0x4)
 *(.rodata)
 .rodata        0x08004e8c       0x20 Drivers/STM32F3xx_HAL_Driver/Src/stm32f3xx_hal_rcc.o
                0x08004e8c                aPLLMULFactorTable
                0x08004e9c                aPredivFactorTable
 .rodata        0x08004eac       0x44 Src/freertos.o
 .rodata        0x08004ef0       0x18 Src/system_stm32f3xx.o
                0x08004ef0                AHBPrescTable
                0x08004f00                APBPrescTable
 *(.rodata*)
 .rodata.str1.4
                0x08004f08        0x5 Middlewares/Third_Party/FreeRTOS/Source/tasks.o
 *fill*         0x08004f0d        0x3 
 .rodata.str1.4
                0x08004f10        0xd Src/adc.o
 *fill*         0x08004f1d        0x3 
 .rodata.str1.4
                0x08004f20       0x34 Src/freertos.o
 .rodata.str1.4
                0x08004f54        0xe Src/main.o
 *fill*         0x08004f62        0x2 
 .rodata.str1.4
                0x08004f64       0x10 Src/usart.o
                                  0xf (size before relaxing)
 .rodata._svfprintf_r.str1.1
                0x08004f74       0x11 d:/wbudowane/plugins/fr.ac6.mcu.externaltools.arm-none.win32_1.15.0.201708311556/tools/compiler/bin/../lib/gcc/arm-none-eabi/6.3.1/../../../../arm-none-eabi/lib/thumb/v7e-m/fpv4-sp/hard\libc_nano.a(lib_a-nano-svfprintf.o)
 .rodata._printf_i.str1.1
                0x08004f85       0x22 d:/wbudowane/plugins/fr.ac6.mcu.externaltools.arm-none.win32_1.15.0.201708311556/tools/compiler/bin/../lib/gcc/arm-none-eabi/6.3.1/../../../../arm-none-eabi/lib/thumb/v7e-m/fpv4-sp/hard\libc_nano.a(lib_a-nano-vfprintf_i.o)
                0x08004fa8                . = ALIGN (0x4)
 *fill*         0x08004fa7        0x1 

.rel.dyn        0x08004fa8        0x0
 .rel.iplt      0x08004fa8        0x0 d:/wbudowane/plugins/fr.ac6.mcu.externaltools.arm-none.win32_1.15.0.201708311556/tools/compiler/bin/../lib/gcc/arm-none-eabi/6.3.1/thumb/v7e-m/fpv4-sp/hard/crtbegin.o

.ARM.extab
 *(.ARM.extab* .gnu.linkonce.armextab.*)

.ARM            0x08004fa8        0x0
                0x08004fa8                __exidx_start = .
 *(.ARM.exidx*)
                0x08004fa8                __exidx_end = .

.preinit_array  0x08004fa8        0x0
                0x08004fa8                PROVIDE (__preinit_array_start, .)
 *(.preinit_array*)
                0x08004fa8                PROVIDE (__preinit_array_end, .)

.init_array     0x08004fa8        0x4
                0x08004fa8                PROVIDE (__init_array_start, .)
 *(SORT(.init_array.*))
 *(.init_array*)
 .init_array    0x08004fa8        0x4 d:/wbudowane/plugins/fr.ac6.mcu.externaltools.arm-none.win32_1.15.0.201708311556/tools/compiler/bin/../lib/gcc/arm-none-eabi/6.3.1/thumb/v7e-m/fpv4-sp/hard/crtbegin.o
                0x08004fac                PROVIDE (__init_array_end, .)

.fini_array     0x08004fac        0x4
                [!provide]                PROVIDE (__fini_array_start, .)
 *(SORT(.fini_array.*))
 *(.fini_array*)
 .fini_array    0x08004fac        0x4 d:/wbudowane/plugins/fr.ac6.mcu.externaltools.arm-none.win32_1.15.0.201708311556/tools/compiler/bin/../lib/gcc/arm-none-eabi/6.3.1/thumb/v7e-m/fpv4-sp/hard/crtbegin.o
                [!provide]                PROVIDE (__fini_array_end, .)
                0x08004fb0                _sidata = LOADADDR (.data)

.data           0x20000000       0x74 load address 0x08004fb0
                0x20000000                . = ALIGN (0x4)
                0x20000000                _sdata = .
 *(.data)
 .data          0x20000000        0x8 Drivers/STM32F3xx_HAL_Driver/Src/stm32f3xx_hal.o
                0x20000000                uwTickFreq
                0x20000004                uwTickPrio
 .data          0x20000008        0x4 Middlewares/Third_Party/FreeRTOS/Source/portable/GCC/ARM_CM4F/port.o
 .data          0x2000000c        0x4 Src/system_stm32f3xx.o
                0x2000000c                SystemCoreClock
 *(.data*)
 .data._impure_ptr
                0x20000010        0x4 d:/wbudowane/plugins/fr.ac6.mcu.externaltools.arm-none.win32_1.15.0.201708311556/tools/compiler/bin/../lib/gcc/arm-none-eabi/6.3.1/../../../../arm-none-eabi/lib/thumb/v7e-m/fpv4-sp/hard\libc_nano.a(lib_a-impure.o)
                0x20000010                _impure_ptr
 .data.impure_data
                0x20000014       0x60 d:/wbudowane/plugins/fr.ac6.mcu.externaltools.arm-none.win32_1.15.0.201708311556/tools/compiler/bin/../lib/gcc/arm-none-eabi/6.3.1/../../../../arm-none-eabi/lib/thumb/v7e-m/fpv4-sp/hard\libc_nano.a(lib_a-impure.o)
                0x20000074                . = ALIGN (0x4)
                0x20000074                _edata = .
                0x08005024                _siccmram = LOADADDR (.ccmram)

.jcr            0x20000074        0x0 load address 0x08005024
 .jcr           0x20000074        0x0 d:/wbudowane/plugins/fr.ac6.mcu.externaltools.arm-none.win32_1.15.0.201708311556/tools/compiler/bin/../lib/gcc/arm-none-eabi/6.3.1/thumb/v7e-m/fpv4-sp/hard/crtbegin.o

.igot.plt       0x20000074        0x0 load address 0x08005024
 .igot.plt      0x20000074        0x0 d:/wbudowane/plugins/fr.ac6.mcu.externaltools.arm-none.win32_1.15.0.201708311556/tools/compiler/bin/../lib/gcc/arm-none-eabi/6.3.1/thumb/v7e-m/fpv4-sp/hard/crtbegin.o

.ccmram         0x10000000        0x0 load address 0x08005024
                0x10000000                . = ALIGN (0x4)
                0x10000000                _sccmram = .
 *(.ccmram)
 *(.ccmram*)
                0x10000000                . = ALIGN (0x4)
                0x10000000                _eccmram = .
                0x10000000                . = ALIGN (0x4)

.bss            0x20000074     0x1290
                0x20000074                _sbss = .
                0x20000074                __bss_start__ = _sbss
 *(.bss)
 .bss           0x20000074       0x1c d:/wbudowane/plugins/fr.ac6.mcu.externaltools.arm-none.win32_1.15.0.201708311556/tools/compiler/bin/../lib/gcc/arm-none-eabi/6.3.1/thumb/v7e-m/fpv4-sp/hard/crtbegin.o
 .bss           0x20000090      0x12c Middlewares/Third_Party/FreeRTOS/Source/tasks.o
                0x20000190                pxCurrentTCB
 .bss           0x200001bc        0x8 Middlewares/Third_Party/FreeRTOS/Source/portable/GCC/ARM_CM4F/port.o
 .bss           0x200001c4     0x1018 Middlewares/Third_Party/FreeRTOS/Source/portable/MemMang/heap_4.o
 *(.bss*)
 .bss.__malloc_free_list
                0x200011dc        0x4 d:/wbudowane/plugins/fr.ac6.mcu.externaltools.arm-none.win32_1.15.0.201708311556/tools/compiler/bin/../lib/gcc/arm-none-eabi/6.3.1/../../../../arm-none-eabi/lib/thumb/v7e-m/fpv4-sp/hard\libc_nano.a(lib_a-nano-mallocr.o)
                0x200011dc                __malloc_free_list
 .bss.__malloc_sbrk_start
                0x200011e0        0x4 d:/wbudowane/plugins/fr.ac6.mcu.externaltools.arm-none.win32_1.15.0.201708311556/tools/compiler/bin/../lib/gcc/arm-none-eabi/6.3.1/../../../../arm-none-eabi/lib/thumb/v7e-m/fpv4-sp/hard\libc_nano.a(lib_a-nano-mallocr.o)
                0x200011e0                __malloc_sbrk_start
 .bss.heap_end.5239
                0x200011e4        0x4 d:/wbudowane/plugins/fr.ac6.mcu.externaltools.arm-none.win32_1.15.0.201708311556/tools/compiler/bin/../lib/gcc/arm-none-eabi/6.3.1/../../../../arm-none-eabi/lib/thumb/v7e-m/fpv4-sp/hard\libnosys.a(sbrk.o)
 *(COMMON)
 COMMON         0x200011e8        0x4 Drivers/STM32F3xx_HAL_Driver/Src/stm32f3xx_hal.o
                0x200011e8                uwTick
 COMMON         0x200011ec       0x54 Src/adc.o
                0x200011ec                hadc1
 COMMON         0x20001240       0x10 Src/freertos.o
                0x20001240                defaultTaskHandle
                0x20001244                QueueTHandle
                0x20001248                servoTaskHandle
                0x2000124c                readTaskHandle
 COMMON         0x20001250       0x40 Src/stm32f3xx_hal_timebase_TIM.o
                0x20001250                htim1
 COMMON         0x20001290       0x70 Src/usart.o
                0x20001290                huart2
 COMMON         0x20001300        0x4 d:/wbudowane/plugins/fr.ac6.mcu.externaltools.arm-none.win32_1.15.0.201708311556/tools/compiler/bin/../lib/gcc/arm-none-eabi/6.3.1/../../../../arm-none-eabi/lib/thumb/v7e-m/fpv4-sp/hard\libc_nano.a(lib_a-reent.o)
                0x20001300                errno
                0x20001304                . = ALIGN (0x4)
                0x20001304                _ebss = .
                0x20001304                __bss_end__ = _ebss

._user_heap_stack
                0x20001304      0x604
                0x20001308                . = ALIGN (0x8)
 *fill*         0x20001304        0x4 
                0x20001308                PROVIDE (end, .)
                [!provide]                PROVIDE (_end, .)
                0x20001508                . = (. + _Min_Heap_Size)
 *fill*         0x20001308      0x200 
                0x20001908                . = (. + _Min_Stack_Size)
 *fill*         0x20001508      0x400 
                0x20001908                . = ALIGN (0x8)

/DISCARD/
 libc.a(*)
 libm.a(*)
 libgcc.a(*)

.ARM.attributes
                0x00000000       0x30
 *(.ARM.attributes)
 .ARM.attributes
                0x00000000       0x22 d:/wbudowane/plugins/fr.ac6.mcu.externaltools.arm-none.win32_1.15.0.201708311556/tools/compiler/bin/../lib/gcc/arm-none-eabi/6.3.1/thumb/v7e-m/fpv4-sp/hard/crti.o
 .ARM.attributes
                0x00000022       0x34 d:/wbudowane/plugins/fr.ac6.mcu.externaltools.arm-none.win32_1.15.0.201708311556/tools/compiler/bin/../lib/gcc/arm-none-eabi/6.3.1/thumb/v7e-m/fpv4-sp/hard/crtbegin.o
 .ARM.attributes
                0x00000056       0x39 Drivers/STM32F3xx_HAL_Driver/Src/stm32f3xx_hal.o
 .ARM.attributes
                0x0000008f       0x39 Drivers/STM32F3xx_HAL_Driver/Src/stm32f3xx_hal_adc_ex.o
 .ARM.attributes
                0x000000c8       0x39 Drivers/STM32F3xx_HAL_Driver/Src/stm32f3xx_hal_cortex.o
 .ARM.attributes
                0x00000101       0x39 Drivers/STM32F3xx_HAL_Driver/Src/stm32f3xx_hal_gpio.o
 .ARM.attributes
                0x0000013a       0x39 Drivers/STM32F3xx_HAL_Driver/Src/stm32f3xx_hal_rcc.o
 .ARM.attributes
                0x00000173       0x39 Drivers/STM32F3xx_HAL_Driver/Src/stm32f3xx_hal_rcc_ex.o
 .ARM.attributes
                0x000001ac       0x39 Drivers/STM32F3xx_HAL_Driver/Src/stm32f3xx_hal_tim.o
 .ARM.attributes
                0x000001e5       0x39 Drivers/STM32F3xx_HAL_Driver/Src/stm32f3xx_hal_tim_ex.o
 .ARM.attributes
                0x0000021e       0x39 Drivers/STM32F3xx_HAL_Driver/Src/stm32f3xx_hal_uart.o
 .ARM.attributes
                0x00000257       0x39 Middlewares/Third_Party/FreeRTOS/Source/CMSIS_RTOS/cmsis_os.o
 .ARM.attributes
                0x00000290       0x39 Middlewares/Third_Party/FreeRTOS/Source/list.o
 .ARM.attributes
                0x000002c9       0x39 Middlewares/Third_Party/FreeRTOS/Source/queue.o
 .ARM.attributes
                0x00000302       0x39 Middlewares/Third_Party/FreeRTOS/Source/tasks.o
 .ARM.attributes
                0x0000033b       0x39 Middlewares/Third_Party/FreeRTOS/Source/portable/GCC/ARM_CM4F/port.o
 .ARM.attributes
                0x00000374       0x39 Middlewares/Third_Party/FreeRTOS/Source/portable/MemMang/heap_4.o
 .ARM.attributes
                0x000003ad       0x39 Src/adc.o
 .ARM.attributes
                0x000003e6       0x39 Src/freertos.o
 .ARM.attributes
                0x0000041f       0x39 Src/gpio.o
 .ARM.attributes
                0x00000458       0x39 Src/main.o
 .ARM.attributes
                0x00000491       0x39 Src/stm32f3xx_hal_msp.o
 .ARM.attributes
                0x000004ca       0x39 Src/stm32f3xx_hal_timebase_TIM.o
 .ARM.attributes
                0x00000503       0x39 Src/stm32f3xx_it.o
 .ARM.attributes
                0x0000053c       0x39 Src/system_stm32f3xx.o
 .ARM.attributes
                0x00000575       0x39 Src/usart.o
 .ARM.attributes
                0x000005ae       0x21 startup/startup_stm32f303xe.o
 .ARM.attributes
                0x000005cf       0x34 d:/wbudowane/plugins/fr.ac6.mcu.externaltools.arm-none.win32_1.15.0.201708311556/tools/compiler/bin/../lib/gcc/arm-none-eabi/6.3.1/../../../../arm-none-eabi/lib/thumb/v7e-m/fpv4-sp/hard\libc_nano.a(lib_a-impure.o)
 .ARM.attributes
                0x00000603       0x34 d:/wbudowane/plugins/fr.ac6.mcu.externaltools.arm-none.win32_1.15.0.201708311556/tools/compiler/bin/../lib/gcc/arm-none-eabi/6.3.1/../../../../arm-none-eabi/lib/thumb/v7e-m/fpv4-sp/hard\libc_nano.a(lib_a-init.o)
 .ARM.attributes
                0x00000637       0x34 d:/wbudowane/plugins/fr.ac6.mcu.externaltools.arm-none.win32_1.15.0.201708311556/tools/compiler/bin/../lib/gcc/arm-none-eabi/6.3.1/../../../../arm-none-eabi/lib/thumb/v7e-m/fpv4-sp/hard\libc_nano.a(lib_a-memcpy-stub.o)
 .ARM.attributes
                0x0000066b       0x34 d:/wbudowane/plugins/fr.ac6.mcu.externaltools.arm-none.win32_1.15.0.201708311556/tools/compiler/bin/../lib/gcc/arm-none-eabi/6.3.1/../../../../arm-none-eabi/lib/thumb/v7e-m/fpv4-sp/hard\libc_nano.a(lib_a-memset.o)
 .ARM.attributes
                0x0000069f       0x34 d:/wbudowane/plugins/fr.ac6.mcu.externaltools.arm-none.win32_1.15.0.201708311556/tools/compiler/bin/../lib/gcc/arm-none-eabi/6.3.1/../../../../arm-none-eabi/lib/thumb/v7e-m/fpv4-sp/hard\libc_nano.a(lib_a-snprintf.o)
 .ARM.attributes
                0x000006d3       0x34 d:/wbudowane/plugins/fr.ac6.mcu.externaltools.arm-none.win32_1.15.0.201708311556/tools/compiler/bin/../lib/gcc/arm-none-eabi/6.3.1/../../../../arm-none-eabi/lib/thumb/v7e-m/fpv4-sp/hard\libc_nano.a(lib_a-nano-svfprintf.o)
 .ARM.attributes
                0x00000707       0x34 d:/wbudowane/plugins/fr.ac6.mcu.externaltools.arm-none.win32_1.15.0.201708311556/tools/compiler/bin/../lib/gcc/arm-none-eabi/6.3.1/../../../../arm-none-eabi/lib/thumb/v7e-m/fpv4-sp/hard\libc_nano.a(lib_a-nano-vfprintf_i.o)
 .ARM.attributes
                0x0000073b       0x20 d:/wbudowane/plugins/fr.ac6.mcu.externaltools.arm-none.win32_1.15.0.201708311556/tools/compiler/bin/../lib/gcc/arm-none-eabi/6.3.1/../../../../arm-none-eabi/lib/thumb/v7e-m/fpv4-sp/hard\libc_nano.a(lib_a-memchr.o)
 .ARM.attributes
                0x0000075b       0x34 d:/wbudowane/plugins/fr.ac6.mcu.externaltools.arm-none.win32_1.15.0.201708311556/tools/compiler/bin/../lib/gcc/arm-none-eabi/6.3.1/../../../../arm-none-eabi/lib/thumb/v7e-m/fpv4-sp/hard\libc_nano.a(lib_a-memmove.o)
 .ARM.attributes
                0x0000078f       0x34 d:/wbudowane/plugins/fr.ac6.mcu.externaltools.arm-none.win32_1.15.0.201708311556/tools/compiler/bin/../lib/gcc/arm-none-eabi/6.3.1/../../../../arm-none-eabi/lib/thumb/v7e-m/fpv4-sp/hard\libc_nano.a(lib_a-nano-freer.o)
 .ARM.attributes
                0x000007c3       0x34 d:/wbudowane/plugins/fr.ac6.mcu.externaltools.arm-none.win32_1.15.0.201708311556/tools/compiler/bin/../lib/gcc/arm-none-eabi/6.3.1/../../../../arm-none-eabi/lib/thumb/v7e-m/fpv4-sp/hard\libc_nano.a(lib_a-nano-mallocr.o)
 .ARM.attributes
                0x000007f7       0x34 d:/wbudowane/plugins/fr.ac6.mcu.externaltools.arm-none.win32_1.15.0.201708311556/tools/compiler/bin/../lib/gcc/arm-none-eabi/6.3.1/../../../../arm-none-eabi/lib/thumb/v7e-m/fpv4-sp/hard\libc_nano.a(lib_a-nano-reallocr.o)
 .ARM.attributes
                0x0000082b       0x34 d:/wbudowane/plugins/fr.ac6.mcu.externaltools.arm-none.win32_1.15.0.201708311556/tools/compiler/bin/../lib/gcc/arm-none-eabi/6.3.1/../../../../arm-none-eabi/lib/thumb/v7e-m/fpv4-sp/hard\libc_nano.a(lib_a-sbrkr.o)
 .ARM.attributes
                0x0000085f       0x34 d:/wbudowane/plugins/fr.ac6.mcu.externaltools.arm-none.win32_1.15.0.201708311556/tools/compiler/bin/../lib/gcc/arm-none-eabi/6.3.1/../../../../arm-none-eabi/lib/thumb/v7e-m/fpv4-sp/hard\libc_nano.a(lib_a-mlock.o)
 .ARM.attributes
                0x00000893       0x34 d:/wbudowane/plugins/fr.ac6.mcu.externaltools.arm-none.win32_1.15.0.201708311556/tools/compiler/bin/../lib/gcc/arm-none-eabi/6.3.1/../../../../arm-none-eabi/lib/thumb/v7e-m/fpv4-sp/hard\libc_nano.a(lib_a-nano-msizer.o)
 .ARM.attributes
                0x000008c7       0x34 d:/wbudowane/plugins/fr.ac6.mcu.externaltools.arm-none.win32_1.15.0.201708311556/tools/compiler/bin/../lib/gcc/arm-none-eabi/6.3.1/../../../../arm-none-eabi/lib/thumb/v7e-m/fpv4-sp/hard\libc_nano.a(lib_a-reent.o)
 .ARM.attributes
                0x000008fb       0x34 d:/wbudowane/plugins/fr.ac6.mcu.externaltools.arm-none.win32_1.15.0.201708311556/tools/compiler/bin/../lib/gcc/arm-none-eabi/6.3.1/../../../../arm-none-eabi/lib/thumb/v7e-m/fpv4-sp/hard\libnosys.a(sbrk.o)
 .ARM.attributes
                0x0000092f       0x22 d:/wbudowane/plugins/fr.ac6.mcu.externaltools.arm-none.win32_1.15.0.201708311556/tools/compiler/bin/../lib/gcc/arm-none-eabi/6.3.1/thumb/v7e-m/fpv4-sp/hard/crtn.o
OUTPUT(ServoProject.elf elf32-littlearm)

.debug_info     0x00000000    0x22865
 .debug_info    0x00000000     0x10bc Drivers/STM32F3xx_HAL_Driver/Src/stm32f3xx_hal.o
 .debug_info    0x000010bc     0x22bb Drivers/STM32F3xx_HAL_Driver/Src/stm32f3xx_hal_adc_ex.o
 .debug_info    0x00003377     0x16f4 Drivers/STM32F3xx_HAL_Driver/Src/stm32f3xx_hal_cortex.o
 .debug_info    0x00004a6b      0xfa7 Drivers/STM32F3xx_HAL_Driver/Src/stm32f3xx_hal_gpio.o
 .debug_info    0x00005a12     0x1bb3 Drivers/STM32F3xx_HAL_Driver/Src/stm32f3xx_hal_rcc.o
 .debug_info    0x000075c5     0x101e Drivers/STM32F3xx_HAL_Driver/Src/stm32f3xx_hal_rcc_ex.o
 .debug_info    0x000085e3     0x37c1 Drivers/STM32F3xx_HAL_Driver/Src/stm32f3xx_hal_tim.o
 .debug_info    0x0000bda4     0x1eb9 Drivers/STM32F3xx_HAL_Driver/Src/stm32f3xx_hal_tim_ex.o
 .debug_info    0x0000dc5d     0x21e2 Drivers/STM32F3xx_HAL_Driver/Src/stm32f3xx_hal_uart.o
 .debug_info    0x0000fe3f     0x2321 Middlewares/Third_Party/FreeRTOS/Source/CMSIS_RTOS/cmsis_os.o
 .debug_info    0x00012160      0xad4 Middlewares/Third_Party/FreeRTOS/Source/list.o
 .debug_info    0x00012c34     0x1f96 Middlewares/Third_Party/FreeRTOS/Source/queue.o
 .debug_info    0x00014bca     0x2922 Middlewares/Third_Party/FreeRTOS/Source/tasks.o
 .debug_info    0x000174ec      0x534 Middlewares/Third_Party/FreeRTOS/Source/portable/GCC/ARM_CM4F/port.o
 .debug_info    0x00017a20      0xc78 Middlewares/Third_Party/FreeRTOS/Source/portable/MemMang/heap_4.o
 .debug_info    0x00018698     0x1412 Src/adc.o
 .debug_info    0x00019aaa     0x1944 Src/freertos.o
 .debug_info    0x0001b3ee      0xc32 Src/gpio.o
 .debug_info    0x0001c020     0x1c05 Src/main.o
 .debug_info    0x0001dc25      0xd30 Src/stm32f3xx_hal_msp.o
 .debug_info    0x0001e955     0x12b4 Src/stm32f3xx_hal_timebase_TIM.o
 .debug_info    0x0001fc09      0xe47 Src/stm32f3xx_it.o
 .debug_info    0x00020a50      0xc34 Src/system_stm32f3xx.o
 .debug_info    0x00021684     0x1170 Src/usart.o
 .debug_info    0x000227f4       0x71 startup/startup_stm32f303xe.o

.debug_abbrev   0x00000000     0x430d
 .debug_abbrev  0x00000000      0x2e3 Drivers/STM32F3xx_HAL_Driver/Src/stm32f3xx_hal.o
 .debug_abbrev  0x000002e3      0x32e Drivers/STM32F3xx_HAL_Driver/Src/stm32f3xx_hal_adc_ex.o
 .debug_abbrev  0x00000611      0x3b8 Drivers/STM32F3xx_HAL_Driver/Src/stm32f3xx_hal_cortex.o
 .debug_abbrev  0x000009c9      0x2a5 Drivers/STM32F3xx_HAL_Driver/Src/stm32f3xx_hal_gpio.o
 .debug_abbrev  0x00000c6e      0x343 Drivers/STM32F3xx_HAL_Driver/Src/stm32f3xx_hal_rcc.o
 .debug_abbrev  0x00000fb1      0x334 Drivers/STM32F3xx_HAL_Driver/Src/stm32f3xx_hal_rcc_ex.o
 .debug_abbrev  0x000012e5      0x2dc Drivers/STM32F3xx_HAL_Driver/Src/stm32f3xx_hal_tim.o
 .debug_abbrev  0x000015c1      0x2dc Drivers/STM32F3xx_HAL_Driver/Src/stm32f3xx_hal_tim_ex.o
 .debug_abbrev  0x0000189d      0x2e9 Drivers/STM32F3xx_HAL_Driver/Src/stm32f3xx_hal_uart.o
 .debug_abbrev  0x00001b86      0x3d0 Middlewares/Third_Party/FreeRTOS/Source/CMSIS_RTOS/cmsis_os.o
 .debug_abbrev  0x00001f56      0x21c Middlewares/Third_Party/FreeRTOS/Source/list.o
 .debug_abbrev  0x00002172      0x37f Middlewares/Third_Party/FreeRTOS/Source/queue.o
 .debug_abbrev  0x000024f1      0x3cd Middlewares/Third_Party/FreeRTOS/Source/tasks.o
 .debug_abbrev  0x000028be      0x205 Middlewares/Third_Party/FreeRTOS/Source/portable/GCC/ARM_CM4F/port.o
 .debug_abbrev  0x00002ac3      0x318 Middlewares/Third_Party/FreeRTOS/Source/portable/MemMang/heap_4.o
 .debug_abbrev  0x00002ddb      0x27f Src/adc.o
 .debug_abbrev  0x0000305a      0x2ba Src/freertos.o
 .debug_abbrev  0x00003314      0x229 Src/gpio.o
 .debug_abbrev  0x0000353d      0x297 Src/main.o
 .debug_abbrev  0x000037d4      0x232 Src/stm32f3xx_hal_msp.o
 .debug_abbrev  0x00003a06      0x295 Src/stm32f3xx_hal_timebase_TIM.o
 .debug_abbrev  0x00003c9b      0x205 Src/stm32f3xx_it.o
 .debug_abbrev  0x00003ea0      0x205 Src/system_stm32f3xx.o
 .debug_abbrev  0x000040a5      0x256 Src/usart.o
 .debug_abbrev  0x000042fb       0x12 startup/startup_stm32f303xe.o

.debug_loc      0x00000000     0xd988
 .debug_loc     0x00000000      0x108 Drivers/STM32F3xx_HAL_Driver/Src/stm32f3xx_hal.o
 .debug_loc     0x00000108     0x1bb2 Drivers/STM32F3xx_HAL_Driver/Src/stm32f3xx_hal_adc_ex.o
 .debug_loc     0x00001cba      0x5ce Drivers/STM32F3xx_HAL_Driver/Src/stm32f3xx_hal_cortex.o
 .debug_loc     0x00002288      0x315 Drivers/STM32F3xx_HAL_Driver/Src/stm32f3xx_hal_gpio.o
 .debug_loc     0x0000259d      0x908 Drivers/STM32F3xx_HAL_Driver/Src/stm32f3xx_hal_rcc.o
 .debug_loc     0x00002ea5      0xabb Drivers/STM32F3xx_HAL_Driver/Src/stm32f3xx_hal_rcc_ex.o
 .debug_loc     0x00003960     0x35de Drivers/STM32F3xx_HAL_Driver/Src/stm32f3xx_hal_tim.o
 .debug_loc     0x00006f3e     0x18ee Drivers/STM32F3xx_HAL_Driver/Src/stm32f3xx_hal_tim_ex.o
 .debug_loc     0x0000882c     0x16c5 Drivers/STM32F3xx_HAL_Driver/Src/stm32f3xx_hal_uart.o
 .debug_loc     0x00009ef1      0xfe2 Middlewares/Third_Party/FreeRTOS/Source/CMSIS_RTOS/cmsis_os.o
 .debug_loc     0x0000aed3       0x70 Middlewares/Third_Party/FreeRTOS/Source/list.o
 .debug_loc     0x0000af43      0xe4e Middlewares/Third_Party/FreeRTOS/Source/queue.o
 .debug_loc     0x0000bd91     0x14e6 Middlewares/Third_Party/FreeRTOS/Source/tasks.o
 .debug_loc     0x0000d277      0x104 Middlewares/Third_Party/FreeRTOS/Source/portable/GCC/ARM_CM4F/port.o
 .debug_loc     0x0000d37b      0x291 Middlewares/Third_Party/FreeRTOS/Source/portable/MemMang/heap_4.o
 .debug_loc     0x0000d60c       0x6e Src/adc.o
 .debug_loc     0x0000d67a      0x102 Src/freertos.o
 .debug_loc     0x0000d77c       0x3a Src/main.o
 .debug_loc     0x0000d7b6       0x79 Src/stm32f3xx_hal_timebase_TIM.o
 .debug_loc     0x0000d82f       0xfe Src/system_stm32f3xx.o
 .debug_loc     0x0000d92d       0x5b Src/usart.o

.debug_aranges  0x00000000     0x1200
 .debug_aranges
                0x00000000       0xe0 Drivers/STM32F3xx_HAL_Driver/Src/stm32f3xx_hal.o
 .debug_aranges
                0x000000e0      0x168 Drivers/STM32F3xx_HAL_Driver/Src/stm32f3xx_hal_adc_ex.o
 .debug_aranges
                0x00000248       0xa8 Drivers/STM32F3xx_HAL_Driver/Src/stm32f3xx_hal_cortex.o
 .debug_aranges
                0x000002f0       0x58 Drivers/STM32F3xx_HAL_Driver/Src/stm32f3xx_hal_gpio.o
 .debug_aranges
                0x00000348       0x88 Drivers/STM32F3xx_HAL_Driver/Src/stm32f3xx_hal_rcc.o
 .debug_aranges
                0x000003d0       0x38 Drivers/STM32F3xx_HAL_Driver/Src/stm32f3xx_hal_rcc_ex.o
 .debug_aranges
                0x00000408      0x378 Drivers/STM32F3xx_HAL_Driver/Src/stm32f3xx_hal_tim.o
 .debug_aranges
                0x00000780      0x178 Drivers/STM32F3xx_HAL_Driver/Src/stm32f3xx_hal_tim_ex.o
 .debug_aranges
                0x000008f8      0x1f0 Drivers/STM32F3xx_HAL_Driver/Src/stm32f3xx_hal_uart.o
 .debug_aranges
                0x00000ae8      0x1d8 Middlewares/Third_Party/FreeRTOS/Source/CMSIS_RTOS/cmsis_os.o
 .debug_aranges
                0x00000cc0       0x40 Middlewares/Third_Party/FreeRTOS/Source/list.o
 .debug_aranges
                0x00000d00       0xe0 Middlewares/Third_Party/FreeRTOS/Source/queue.o
 .debug_aranges
                0x00000de0      0x190 Middlewares/Third_Party/FreeRTOS/Source/tasks.o
 .debug_aranges
                0x00000f70       0x80 Middlewares/Third_Party/FreeRTOS/Source/portable/GCC/ARM_CM4F/port.o
 .debug_aranges
                0x00000ff0       0x50 Middlewares/Third_Party/FreeRTOS/Source/portable/MemMang/heap_4.o
 .debug_aranges
                0x00001040       0x38 Src/adc.o
 .debug_aranges
                0x00001078       0x38 Src/freertos.o
 .debug_aranges
                0x000010b0       0x20 Src/gpio.o
 .debug_aranges
                0x000010d0       0x38 Src/main.o
 .debug_aranges
                0x00001108       0x20 Src/stm32f3xx_hal_msp.o
 .debug_aranges
                0x00001128       0x30 Src/stm32f3xx_hal_timebase_TIM.o
 .debug_aranges
                0x00001158       0x28 Src/stm32f3xx_it.o
 .debug_aranges
                0x00001180       0x28 Src/system_stm32f3xx.o
 .debug_aranges
                0x000011a8       0x30 Src/usart.o
 .debug_aranges
                0x000011d8       0x28 startup/startup_stm32f303xe.o

.debug_ranges   0x00000000     0x1260
 .debug_ranges  0x00000000       0xd0 Drivers/STM32F3xx_HAL_Driver/Src/stm32f3xx_hal.o
 .debug_ranges  0x000000d0      0x158 Drivers/STM32F3xx_HAL_Driver/Src/stm32f3xx_hal_adc_ex.o
 .debug_ranges  0x00000228       0xf8 Drivers/STM32F3xx_HAL_Driver/Src/stm32f3xx_hal_cortex.o
 .debug_ranges  0x00000320       0x48 Drivers/STM32F3xx_HAL_Driver/Src/stm32f3xx_hal_gpio.o
 .debug_ranges  0x00000368       0x98 Drivers/STM32F3xx_HAL_Driver/Src/stm32f3xx_hal_rcc.o
 .debug_ranges  0x00000400       0x40 Drivers/STM32F3xx_HAL_Driver/Src/stm32f3xx_hal_rcc_ex.o
 .debug_ranges  0x00000440      0x368 Drivers/STM32F3xx_HAL_Driver/Src/stm32f3xx_hal_tim.o
 .debug_ranges  0x000007a8      0x168 Drivers/STM32F3xx_HAL_Driver/Src/stm32f3xx_hal_tim_ex.o
 .debug_ranges  0x00000910      0x1e0 Drivers/STM32F3xx_HAL_Driver/Src/stm32f3xx_hal_uart.o
 .debug_ranges  0x00000af0      0x1c8 Middlewares/Third_Party/FreeRTOS/Source/CMSIS_RTOS/cmsis_os.o
 .debug_ranges  0x00000cb8       0x30 Middlewares/Third_Party/FreeRTOS/Source/list.o
 .debug_ranges  0x00000ce8      0x180 Middlewares/Third_Party/FreeRTOS/Source/queue.o
 .debug_ranges  0x00000e68      0x208 Middlewares/Third_Party/FreeRTOS/Source/tasks.o
 .debug_ranges  0x00001070       0x88 Middlewares/Third_Party/FreeRTOS/Source/portable/GCC/ARM_CM4F/port.o
 .debug_ranges  0x000010f8       0x40 Middlewares/Third_Party/FreeRTOS/Source/portable/MemMang/heap_4.o
 .debug_ranges  0x00001138       0x28 Src/adc.o
 .debug_ranges  0x00001160       0x28 Src/freertos.o
 .debug_ranges  0x00001188       0x10 Src/gpio.o
 .debug_ranges  0x00001198       0x28 Src/main.o
 .debug_ranges  0x000011c0       0x10 Src/stm32f3xx_hal_msp.o
 .debug_ranges  0x000011d0       0x20 Src/stm32f3xx_hal_timebase_TIM.o
 .debug_ranges  0x000011f0       0x18 Src/stm32f3xx_it.o
 .debug_ranges  0x00001208       0x18 Src/system_stm32f3xx.o
 .debug_ranges  0x00001220       0x20 Src/usart.o
 .debug_ranges  0x00001240       0x20 startup/startup_stm32f303xe.o

.debug_macro    0x00000000    0x213a3
 .debug_macro   0x00000000      0x351 Drivers/STM32F3xx_HAL_Driver/Src/stm32f3xx_hal.o
 .debug_macro   0x00000351      0x8bc Drivers/STM32F3xx_HAL_Driver/Src/stm32f3xx_hal.o
 .debug_macro   0x00000c0d       0x64 Drivers/STM32F3xx_HAL_Driver/Src/stm32f3xx_hal.o
 .debug_macro   0x00000c71       0xab Drivers/STM32F3xx_HAL_Driver/Src/stm32f3xx_hal.o
 .debug_macro   0x00000d1c       0x2f Drivers/STM32F3xx_HAL_Driver/Src/stm32f3xx_hal.o
 .debug_macro   0x00000d4b       0x28 Drivers/STM32F3xx_HAL_Driver/Src/stm32f3xx_hal.o
 .debug_macro   0x00000d73       0x22 Drivers/STM32F3xx_HAL_Driver/Src/stm32f3xx_hal.o
 .debug_macro   0x00000d95       0x87 Drivers/STM32F3xx_HAL_Driver/Src/stm32f3xx_hal.o
 .debug_macro   0x00000e1c       0x51 Drivers/STM32F3xx_HAL_Driver/Src/stm32f3xx_hal.o
 .debug_macro   0x00000e6d       0xef Drivers/STM32F3xx_HAL_Driver/Src/stm32f3xx_hal.o
 .debug_macro   0x00000f5c       0x6a Drivers/STM32F3xx_HAL_Driver/Src/stm32f3xx_hal.o
 .debug_macro   0x00000fc6      0x1df Drivers/STM32F3xx_HAL_Driver/Src/stm32f3xx_hal.o
 .debug_macro   0x000011a5       0x35 Drivers/STM32F3xx_HAL_Driver/Src/stm32f3xx_hal.o
 .debug_macro   0x000011da       0x50 Drivers/STM32F3xx_HAL_Driver/Src/stm32f3xx_hal.o
 .debug_macro   0x0000122a      0xe66 Drivers/STM32F3xx_HAL_Driver/Src/stm32f3xx_hal.o
 .debug_macro   0x00002090    0x15376 Drivers/STM32F3xx_HAL_Driver/Src/stm32f3xx_hal.o
 .debug_macro   0x00017406       0x43 Drivers/STM32F3xx_HAL_Driver/Src/stm32f3xx_hal.o
 .debug_macro   0x00017449       0x58 Drivers/STM32F3xx_HAL_Driver/Src/stm32f3xx_hal.o
 .debug_macro   0x000174a1       0x35 Drivers/STM32F3xx_HAL_Driver/Src/stm32f3xx_hal.o
 .debug_macro   0x000174d6       0x9c Drivers/STM32F3xx_HAL_Driver/Src/stm32f3xx_hal.o
 .debug_macro   0x00017572       0x16 Drivers/STM32F3xx_HAL_Driver/Src/stm32f3xx_hal.o
 .debug_macro   0x00017588       0x97 Drivers/STM32F3xx_HAL_Driver/Src/stm32f3xx_hal.o
 .debug_macro   0x0001761f      0x330 Drivers/STM32F3xx_HAL_Driver/Src/stm32f3xx_hal.o
 .debug_macro   0x0001794f       0xfd Drivers/STM32F3xx_HAL_Driver/Src/stm32f3xx_hal.o
 .debug_macro   0x00017a4c       0x10 Drivers/STM32F3xx_HAL_Driver/Src/stm32f3xx_hal.o
 .debug_macro   0x00017a5c       0x58 Drivers/STM32F3xx_HAL_Driver/Src/stm32f3xx_hal.o
 .debug_macro   0x00017ab4       0x1f Drivers/STM32F3xx_HAL_Driver/Src/stm32f3xx_hal.o
 .debug_macro   0x00017ad3       0x43 Drivers/STM32F3xx_HAL_Driver/Src/stm32f3xx_hal.o
 .debug_macro   0x00017b16       0x20 Drivers/STM32F3xx_HAL_Driver/Src/stm32f3xx_hal.o
 .debug_macro   0x00017b36      0x187 Drivers/STM32F3xx_HAL_Driver/Src/stm32f3xx_hal.o
 .debug_macro   0x00017cbd       0x10 Drivers/STM32F3xx_HAL_Driver/Src/stm32f3xx_hal.o
 .debug_macro   0x00017ccd       0x1c Drivers/STM32F3xx_HAL_Driver/Src/stm32f3xx_hal.o
 .debug_macro   0x00017ce9       0x52 Drivers/STM32F3xx_HAL_Driver/Src/stm32f3xx_hal.o
 .debug_macro   0x00017d3b       0x40 Drivers/STM32F3xx_HAL_Driver/Src/stm32f3xx_hal.o
 .debug_macro   0x00017d7b       0x10 Drivers/STM32F3xx_HAL_Driver/Src/stm32f3xx_hal.o
 .debug_macro   0x00017d8b       0x40 Drivers/STM32F3xx_HAL_Driver/Src/stm32f3xx_hal.o
 .debug_macro   0x00017dcb       0xd7 Drivers/STM32F3xx_HAL_Driver/Src/stm32f3xx_hal.o
 .debug_macro   0x00017ea2       0x16 Drivers/STM32F3xx_HAL_Driver/Src/stm32f3xx_hal.o
 .debug_macro   0x00017eb8      0x18b Drivers/STM32F3xx_HAL_Driver/Src/stm32f3xx_hal.o
 .debug_macro   0x00018043       0x49 Drivers/STM32F3xx_HAL_Driver/Src/stm32f3xx_hal.o
 .debug_macro   0x0001808c      0x95a Drivers/STM32F3xx_HAL_Driver/Src/stm32f3xx_hal.o
 .debug_macro   0x000189e6      0x84a Drivers/STM32F3xx_HAL_Driver/Src/stm32f3xx_hal.o
 .debug_macro   0x00019230      0x13a Drivers/STM32F3xx_HAL_Driver/Src/stm32f3xx_hal.o
 .debug_macro   0x0001936a      0x23a Drivers/STM32F3xx_HAL_Driver/Src/stm32f3xx_hal.o
 .debug_macro   0x000195a4      0x1bc Drivers/STM32F3xx_HAL_Driver/Src/stm32f3xx_hal.o
 .debug_macro   0x00019760       0x31 Drivers/STM32F3xx_HAL_Driver/Src/stm32f3xx_hal.o
 .debug_macro   0x00019791       0x3c Drivers/STM32F3xx_HAL_Driver/Src/stm32f3xx_hal.o
 .debug_macro   0x000197cd      0x23a Drivers/STM32F3xx_HAL_Driver/Src/stm32f3xx_hal.o
 .debug_macro   0x00019a07      0xa05 Drivers/STM32F3xx_HAL_Driver/Src/stm32f3xx_hal.o
 .debug_macro   0x0001a40c       0x77 Drivers/STM32F3xx_HAL_Driver/Src/stm32f3xx_hal.o
 .debug_macro   0x0001a483       0xcb Drivers/STM32F3xx_HAL_Driver/Src/stm32f3xx_hal.o
 .debug_macro   0x0001a54e      0x21e Drivers/STM32F3xx_HAL_Driver/Src/stm32f3xx_hal.o
 .debug_macro   0x0001a76c      0x209 Drivers/STM32F3xx_HAL_Driver/Src/stm32f3xx_hal.o
 .debug_macro   0x0001a975       0x5b Drivers/STM32F3xx_HAL_Driver/Src/stm32f3xx_hal.o
 .debug_macro   0x0001a9d0       0x90 Drivers/STM32F3xx_HAL_Driver/Src/stm32f3xx_hal.o
 .debug_macro   0x0001aa60       0x82 Drivers/STM32F3xx_HAL_Driver/Src/stm32f3xx_hal.o
 .debug_macro   0x0001aae2       0xd3 Drivers/STM32F3xx_HAL_Driver/Src/stm32f3xx_hal.o
 .debug_macro   0x0001abb5      0x6af Drivers/STM32F3xx_HAL_Driver/Src/stm32f3xx_hal.o
 .debug_macro   0x0001b264      0x3c2 Drivers/STM32F3xx_HAL_Driver/Src/stm32f3xx_hal.o
 .debug_macro   0x0001b626      0x566 Drivers/STM32F3xx_HAL_Driver/Src/stm32f3xx_hal.o
 .debug_macro   0x0001bb8c       0x31 Drivers/STM32F3xx_HAL_Driver/Src/stm32f3xx_hal.o
 .debug_macro   0x0001bbbd      0x349 Drivers/STM32F3xx_HAL_Driver/Src/stm32f3xx_hal.o
 .debug_macro   0x0001bf06      0x357 Drivers/STM32F3xx_HAL_Driver/Src/stm32f3xx_hal_adc_ex.o
 .debug_macro   0x0001c25d      0x32d Drivers/STM32F3xx_HAL_Driver/Src/stm32f3xx_hal_cortex.o
 .debug_macro   0x0001c58a      0x365 Drivers/STM32F3xx_HAL_Driver/Src/stm32f3xx_hal_gpio.o
 .debug_macro   0x0001c8ef      0x351 Drivers/STM32F3xx_HAL_Driver/Src/stm32f3xx_hal_rcc.o
 .debug_macro   0x0001cc40      0x32d Drivers/STM32F3xx_HAL_Driver/Src/stm32f3xx_hal_rcc_ex.o
 .debug_macro   0x0001cf6d      0x32d Drivers/STM32F3xx_HAL_Driver/Src/stm32f3xx_hal_tim.o
 .debug_macro   0x0001d29a      0x339 Drivers/STM32F3xx_HAL_Driver/Src/stm32f3xx_hal_tim_ex.o
 .debug_macro   0x0001d5d3      0x335 Drivers/STM32F3xx_HAL_Driver/Src/stm32f3xx_hal_uart.o
 .debug_macro   0x0001d908      0x1f3 Middlewares/Third_Party/FreeRTOS/Source/CMSIS_RTOS/cmsis_os.o
 .debug_macro   0x0001dafb       0x52 Middlewares/Third_Party/FreeRTOS/Source/CMSIS_RTOS/cmsis_os.o
 .debug_macro   0x0001db4d       0x8d Middlewares/Third_Party/FreeRTOS/Source/CMSIS_RTOS/cmsis_os.o
 .debug_macro   0x0001dbda      0x174 Middlewares/Third_Party/FreeRTOS/Source/CMSIS_RTOS/cmsis_os.o
 .debug_macro   0x0001dd4e       0x57 Middlewares/Third_Party/FreeRTOS/Source/CMSIS_RTOS/cmsis_os.o
 .debug_macro   0x0001dda5       0x10 Middlewares/Third_Party/FreeRTOS/Source/CMSIS_RTOS/cmsis_os.o
 .debug_macro   0x0001ddb5       0x35 Middlewares/Third_Party/FreeRTOS/Source/CMSIS_RTOS/cmsis_os.o
 .debug_macro   0x0001ddea       0xd2 Middlewares/Third_Party/FreeRTOS/Source/CMSIS_RTOS/cmsis_os.o
 .debug_macro   0x0001debc      0x168 Middlewares/Third_Party/FreeRTOS/Source/CMSIS_RTOS/cmsis_os.o
 .debug_macro   0x0001e024       0xe4 Middlewares/Third_Party/FreeRTOS/Source/CMSIS_RTOS/cmsis_os.o
 .debug_macro   0x0001e108       0x10 Middlewares/Third_Party/FreeRTOS/Source/CMSIS_RTOS/cmsis_os.o
 .debug_macro   0x0001e118       0x1f Middlewares/Third_Party/FreeRTOS/Source/CMSIS_RTOS/cmsis_os.o
 .debug_macro   0x0001e137      0x40f Middlewares/Third_Party/FreeRTOS/Source/CMSIS_RTOS/cmsis_os.o
 .debug_macro   0x0001e546       0xc0 Middlewares/Third_Party/FreeRTOS/Source/CMSIS_RTOS/cmsis_os.o
 .debug_macro   0x0001e606       0x8c Middlewares/Third_Party/FreeRTOS/Source/CMSIS_RTOS/cmsis_os.o
 .debug_macro   0x0001e692       0x91 Middlewares/Third_Party/FreeRTOS/Source/CMSIS_RTOS/cmsis_os.o
 .debug_macro   0x0001e723       0x94 Middlewares/Third_Party/FreeRTOS/Source/CMSIS_RTOS/cmsis_os.o
 .debug_macro   0x0001e7b7       0x63 Middlewares/Third_Party/FreeRTOS/Source/CMSIS_RTOS/cmsis_os.o
 .debug_macro   0x0001e81a       0x19 Middlewares/Third_Party/FreeRTOS/Source/CMSIS_RTOS/cmsis_os.o
 .debug_macro   0x0001e833       0xcf Middlewares/Third_Party/FreeRTOS/Source/CMSIS_RTOS/cmsis_os.o
 .debug_macro   0x0001e902       0x26 Middlewares/Third_Party/FreeRTOS/Source/CMSIS_RTOS/cmsis_os.o
 .debug_macro   0x0001e928      0x18b Middlewares/Third_Party/FreeRTOS/Source/list.o
 .debug_macro   0x0001eab3      0x207 Middlewares/Third_Party/FreeRTOS/Source/queue.o
 .debug_macro   0x0001ecba       0x16 Middlewares/Third_Party/FreeRTOS/Source/queue.o
 .debug_macro   0x0001ecd0      0x26a Middlewares/Third_Party/FreeRTOS/Source/tasks.o
 .debug_macro   0x0001ef3a       0x11 Middlewares/Third_Party/FreeRTOS/Source/tasks.o
 .debug_macro   0x0001ef4b      0x1ad Middlewares/Third_Party/FreeRTOS/Source/portable/GCC/ARM_CM4F/port.o
 .debug_macro   0x0001f0f8      0x1b2 Middlewares/Third_Party/FreeRTOS/Source/portable/MemMang/heap_4.o
 .debug_macro   0x0001f2aa      0x341 Src/adc.o
 .debug_macro   0x0001f5eb      0x401 Src/freertos.o
 .debug_macro   0x0001f9ec       0xb1 Src/freertos.o
 .debug_macro   0x0001fa9d       0x3b Src/freertos.o
 .debug_macro   0x0001fad8      0x337 Src/gpio.o
 .debug_macro   0x0001fe0f      0x403 Src/main.o
 .debug_macro   0x00020212       0xd8 Src/main.o
 .debug_macro   0x000202ea      0x32d Src/stm32f3xx_hal_msp.o
 .debug_macro   0x00020617      0x32d Src/stm32f3xx_hal_timebase_TIM.o
 .debug_macro   0x00020944      0x3eb Src/stm32f3xx_it.o
 .debug_macro   0x00020d2f      0x333 Src/system_stm32f3xx.o
 .debug_macro   0x00021062      0x341 Src/usart.o

.debug_line     0x00000000    0x107b2
 .debug_line    0x00000000      0x946 Drivers/STM32F3xx_HAL_Driver/Src/stm32f3xx_hal.o
 .debug_line    0x00000946     0x1a12 Drivers/STM32F3xx_HAL_Driver/Src/stm32f3xx_hal_adc_ex.o
 .debug_line    0x00002358      0x976 Drivers/STM32F3xx_HAL_Driver/Src/stm32f3xx_hal_cortex.o
 .debug_line    0x00002cce      0x8e9 Drivers/STM32F3xx_HAL_Driver/Src/stm32f3xx_hal_gpio.o
 .debug_line    0x000035b7      0xc2f Drivers/STM32F3xx_HAL_Driver/Src/stm32f3xx_hal_rcc.o
 .debug_line    0x000041e6      0xab8 Drivers/STM32F3xx_HAL_Driver/Src/stm32f3xx_hal_rcc_ex.o
 .debug_line    0x00004c9e     0x1a5b Drivers/STM32F3xx_HAL_Driver/Src/stm32f3xx_hal_tim.o
 .debug_line    0x000066f9      0xef4 Drivers/STM32F3xx_HAL_Driver/Src/stm32f3xx_hal_tim_ex.o
 .debug_line    0x000075ed     0x1225 Drivers/STM32F3xx_HAL_Driver/Src/stm32f3xx_hal_uart.o
 .debug_line    0x00008812      0xb82 Middlewares/Third_Party/FreeRTOS/Source/CMSIS_RTOS/cmsis_os.o
 .debug_line    0x00009394      0x53d Middlewares/Third_Party/FreeRTOS/Source/list.o
 .debug_line    0x000098d1      0xa56 Middlewares/Third_Party/FreeRTOS/Source/queue.o
 .debug_line    0x0000a327      0xdaa Middlewares/Third_Party/FreeRTOS/Source/tasks.o
 .debug_line    0x0000b0d1      0x5be Middlewares/Third_Party/FreeRTOS/Source/portable/GCC/ARM_CM4F/port.o
 .debug_line    0x0000b68f      0x5ee Middlewares/Third_Party/FreeRTOS/Source/portable/MemMang/heap_4.o
 .debug_line    0x0000bc7d      0x7d4 Src/adc.o
 .debug_line    0x0000c451      0x9d7 Src/freertos.o
 .debug_line    0x0000ce28      0x778 Src/gpio.o
 .debug_line    0x0000d5a0      0x9bb Src/main.o
 .debug_line    0x0000df5b      0x775 Src/stm32f3xx_hal_msp.o
 .debug_line    0x0000e6d0      0x7a6 Src/stm32f3xx_hal_timebase_TIM.o
 .debug_line    0x0000ee76      0x96f Src/stm32f3xx_it.o
 .debug_line    0x0000f7e5      0x79d Src/system_stm32f3xx.o
 .debug_line    0x0000ff82      0x7b1 Src/usart.o
 .debug_line    0x00010733       0x7f startup/startup_stm32f303xe.o

.debug_str      0x00000000    0xbbda9
 .debug_str     0x00000000    0xb0280 Drivers/STM32F3xx_HAL_Driver/Src/stm32f3xx_hal.o
                              0xb0629 (size before relaxing)
 .debug_str     0x000b0280      0xce8 Drivers/STM32F3xx_HAL_Driver/Src/stm32f3xx_hal_adc_ex.o
                              0xb0a6b (size before relaxing)
 .debug_str     0x000b0f68      0x3ae Drivers/STM32F3xx_HAL_Driver/Src/stm32f3xx_hal_cortex.o
                              0xb0668 (size before relaxing)
 .debug_str     0x000b1316      0x2dc Drivers/STM32F3xx_HAL_Driver/Src/stm32f3xx_hal_gpio.o
                              0xb004d (size before relaxing)
 .debug_str     0x000b15f2      0x3ef Drivers/STM32F3xx_HAL_Driver/Src/stm32f3xx_hal_rcc.o
                              0xb01d7 (size before relaxing)
 .debug_str     0x000b19e1      0x2b9 Drivers/STM32F3xx_HAL_Driver/Src/stm32f3xx_hal_rcc_ex.o
                              0xb0073 (size before relaxing)
 .debug_str     0x000b1c9a      0xf6b Drivers/STM32F3xx_HAL_Driver/Src/stm32f3xx_hal_tim.o
                              0xb0e84 (size before relaxing)
 .debug_str     0x000b2c05      0x5ce Drivers/STM32F3xx_HAL_Driver/Src/stm32f3xx_hal_tim_ex.o
                              0xb08ea (size before relaxing)
 .debug_str     0x000b31d3      0x9b0 Drivers/STM32F3xx_HAL_Driver/Src/stm32f3xx_hal_uart.o
                              0xb0975 (size before relaxing)
 .debug_str     0x000b3b83     0x5cfe Middlewares/Third_Party/FreeRTOS/Source/CMSIS_RTOS/cmsis_os.o
                               0xc408 (size before relaxing)
 .debug_str     0x000b9881      0x234 Middlewares/Third_Party/FreeRTOS/Source/list.o
                               0x96a5 (size before relaxing)
 .debug_str     0x000b9ab5      0x6eb Middlewares/Third_Party/FreeRTOS/Source/queue.o
                               0xacdb (size before relaxing)
 .debug_str     0x000ba1a0      0xf16 Middlewares/Third_Party/FreeRTOS/Source/tasks.o
                               0xb72b (size before relaxing)
 .debug_str     0x000bb0b6      0x77c Middlewares/Third_Party/FreeRTOS/Source/portable/GCC/ARM_CM4F/port.o
                               0x771d (size before relaxing)
 .debug_str     0x000bb832      0x243 Middlewares/Third_Party/FreeRTOS/Source/portable/MemMang/heap_4.o
                               0x9de5 (size before relaxing)
 .debug_str     0x000bba75       0x6e Src/adc.o
                              0xb0326 (size before relaxing)
 .debug_str     0x000bbae3      0x11e Src/freertos.o
                              0xb5a1e (size before relaxing)
 .debug_str     0x000bbc01       0x1b Src/gpio.o
                              0xafd95 (size before relaxing)
 .debug_str     0x000bbc1c       0x5b Src/main.o
                              0xb6074 (size before relaxing)
 .debug_str     0x000bbc77       0x1b Src/stm32f3xx_hal_msp.o
                              0xb01a9 (size before relaxing)
 .debug_str     0x000bbc92       0x61 Src/stm32f3xx_hal_timebase_TIM.o
                              0xb06c0 (size before relaxing)
 .debug_str     0x000bbcf3       0x38 Src/stm32f3xx_it.o
                              0xb52ab (size before relaxing)
 .debug_str     0x000bbd2b       0x64 Src/system_stm32f3xx.o
                              0xafd78 (size before relaxing)
 .debug_str     0x000bbd8f       0x1a Src/usart.o
                              0xb0256 (size before relaxing)

.comment        0x00000000       0x7f
 .comment       0x00000000       0x7f Drivers/STM32F3xx_HAL_Driver/Src/stm32f3xx_hal.o
                                 0x80 (size before relaxing)
 .comment       0x0000007f       0x80 Drivers/STM32F3xx_HAL_Driver/Src/stm32f3xx_hal_adc_ex.o
 .comment       0x0000007f       0x80 Drivers/STM32F3xx_HAL_Driver/Src/stm32f3xx_hal_cortex.o
 .comment       0x0000007f       0x80 Drivers/STM32F3xx_HAL_Driver/Src/stm32f3xx_hal_gpio.o
 .comment       0x0000007f       0x80 Drivers/STM32F3xx_HAL_Driver/Src/stm32f3xx_hal_rcc.o
 .comment       0x0000007f       0x80 Drivers/STM32F3xx_HAL_Driver/Src/stm32f3xx_hal_rcc_ex.o
 .comment       0x0000007f       0x80 Drivers/STM32F3xx_HAL_Driver/Src/stm32f3xx_hal_tim.o
 .comment       0x0000007f       0x80 Drivers/STM32F3xx_HAL_Driver/Src/stm32f3xx_hal_tim_ex.o
 .comment       0x0000007f       0x80 Drivers/STM32F3xx_HAL_Driver/Src/stm32f3xx_hal_uart.o
 .comment       0x0000007f       0x80 Middlewares/Third_Party/FreeRTOS/Source/CMSIS_RTOS/cmsis_os.o
 .comment       0x0000007f       0x80 Middlewares/Third_Party/FreeRTOS/Source/list.o
 .comment       0x0000007f       0x80 Middlewares/Third_Party/FreeRTOS/Source/queue.o
 .comment       0x0000007f       0x80 Middlewares/Third_Party/FreeRTOS/Source/tasks.o
 .comment       0x0000007f       0x80 Middlewares/Third_Party/FreeRTOS/Source/portable/GCC/ARM_CM4F/port.o
 .comment       0x0000007f       0x80 Middlewares/Third_Party/FreeRTOS/Source/portable/MemMang/heap_4.o
 .comment       0x0000007f       0x80 Src/adc.o
 .comment       0x0000007f       0x80 Src/freertos.o
 .comment       0x0000007f       0x80 Src/gpio.o
 .comment       0x0000007f       0x80 Src/main.o
 .comment       0x0000007f       0x80 Src/stm32f3xx_hal_msp.o
 .comment       0x0000007f       0x80 Src/stm32f3xx_hal_timebase_TIM.o
 .comment       0x0000007f       0x80 Src/stm32f3xx_it.o
 .comment       0x0000007f       0x80 Src/system_stm32f3xx.o
 .comment       0x0000007f       0x80 Src/usart.o

.debug_frame    0x00000000     0x3414
 .debug_frame   0x00000000      0x1cc Drivers/STM32F3xx_HAL_Driver/Src/stm32f3xx_hal.o
 .debug_frame   0x000001cc      0x4a4 Drivers/STM32F3xx_HAL_Driver/Src/stm32f3xx_hal_adc_ex.o
 .debug_frame   0x00000670      0x15c Drivers/STM32F3xx_HAL_Driver/Src/stm32f3xx_hal_cortex.o
 .debug_frame   0x000007cc       0xd0 Drivers/STM32F3xx_HAL_Driver/Src/stm32f3xx_hal_gpio.o
 .debug_frame   0x0000089c      0x150 Drivers/STM32F3xx_HAL_Driver/Src/stm32f3xx_hal_rcc.o
 .debug_frame   0x000009ec       0x80 Drivers/STM32F3xx_HAL_Driver/Src/stm32f3xx_hal_rcc_ex.o
 .debug_frame   0x00000a6c      0xa1c Drivers/STM32F3xx_HAL_Driver/Src/stm32f3xx_hal_tim.o
 .debug_frame   0x00001488      0x45c Drivers/STM32F3xx_HAL_Driver/Src/stm32f3xx_hal_tim_ex.o
 .debug_frame   0x000018e4      0x570 Drivers/STM32F3xx_HAL_Driver/Src/stm32f3xx_hal_uart.o
 .debug_frame   0x00001e54      0x584 Middlewares/Third_Party/FreeRTOS/Source/CMSIS_RTOS/cmsis_os.o
 .debug_frame   0x000023d8       0x6c Middlewares/Third_Party/FreeRTOS/Source/list.o
 .debug_frame   0x00002444      0x2b4 Middlewares/Third_Party/FreeRTOS/Source/queue.o
 .debug_frame   0x000026f8      0x4e8 Middlewares/Third_Party/FreeRTOS/Source/tasks.o
 .debug_frame   0x00002be0       0xfc Middlewares/Third_Party/FreeRTOS/Source/portable/GCC/ARM_CM4F/port.o
 .debug_frame   0x00002cdc       0xac Middlewares/Third_Party/FreeRTOS/Source/portable/MemMang/heap_4.o
 .debug_frame   0x00002d88       0x80 Src/adc.o
 .debug_frame   0x00002e08       0x84 Src/freertos.o
 .debug_frame   0x00002e8c       0x30 Src/gpio.o
 .debug_frame   0x00002ebc       0x70 Src/main.o
 .debug_frame   0x00002f2c       0x2c Src/stm32f3xx_hal_msp.o
 .debug_frame   0x00002f58       0x50 Src/stm32f3xx_hal_timebase_TIM.o
 .debug_frame   0x00002fa8       0x40 Src/stm32f3xx_it.o
 .debug_frame   0x00002fe8       0x30 Src/system_stm32f3xx.o
 .debug_frame   0x00003018       0x5c Src/usart.o
 .debug_frame   0x00003074       0x2c d:/wbudowane/plugins/fr.ac6.mcu.externaltools.arm-none.win32_1.15.0.201708311556/tools/compiler/bin/../lib/gcc/arm-none-eabi/6.3.1/../../../../arm-none-eabi/lib/thumb/v7e-m/fpv4-sp/hard\libc_nano.a(lib_a-init.o)
 .debug_frame   0x000030a0       0x28 d:/wbudowane/plugins/fr.ac6.mcu.externaltools.arm-none.win32_1.15.0.201708311556/tools/compiler/bin/../lib/gcc/arm-none-eabi/6.3.1/../../../../arm-none-eabi/lib/thumb/v7e-m/fpv4-sp/hard\libc_nano.a(lib_a-memcpy-stub.o)
 .debug_frame   0x000030c8       0x20 d:/wbudowane/plugins/fr.ac6.mcu.externaltools.arm-none.win32_1.15.0.201708311556/tools/compiler/bin/../lib/gcc/arm-none-eabi/6.3.1/../../../../arm-none-eabi/lib/thumb/v7e-m/fpv4-sp/hard\libc_nano.a(lib_a-memset.o)
 .debug_frame   0x000030e8       0x7c d:/wbudowane/plugins/fr.ac6.mcu.externaltools.arm-none.win32_1.15.0.201708311556/tools/compiler/bin/../lib/gcc/arm-none-eabi/6.3.1/../../../../arm-none-eabi/lib/thumb/v7e-m/fpv4-sp/hard\libc_nano.a(lib_a-snprintf.o)
 .debug_frame   0x00003164       0x90 d:/wbudowane/plugins/fr.ac6.mcu.externaltools.arm-none.win32_1.15.0.201708311556/tools/compiler/bin/../lib/gcc/arm-none-eabi/6.3.1/../../../../arm-none-eabi/lib/thumb/v7e-m/fpv4-sp/hard\libc_nano.a(lib_a-nano-svfprintf.o)
 .debug_frame   0x000031f4       0x60 d:/wbudowane/plugins/fr.ac6.mcu.externaltools.arm-none.win32_1.15.0.201708311556/tools/compiler/bin/../lib/gcc/arm-none-eabi/6.3.1/../../../../arm-none-eabi/lib/thumb/v7e-m/fpv4-sp/hard\libc_nano.a(lib_a-nano-vfprintf_i.o)
 .debug_frame   0x00003254       0x28 d:/wbudowane/plugins/fr.ac6.mcu.externaltools.arm-none.win32_1.15.0.201708311556/tools/compiler/bin/../lib/gcc/arm-none-eabi/6.3.1/../../../../arm-none-eabi/lib/thumb/v7e-m/fpv4-sp/hard\libc_nano.a(lib_a-memmove.o)
 .debug_frame   0x0000327c       0x38 d:/wbudowane/plugins/fr.ac6.mcu.externaltools.arm-none.win32_1.15.0.201708311556/tools/compiler/bin/../lib/gcc/arm-none-eabi/6.3.1/../../../../arm-none-eabi/lib/thumb/v7e-m/fpv4-sp/hard\libc_nano.a(lib_a-nano-freer.o)
 .debug_frame   0x000032b4       0x2c d:/wbudowane/plugins/fr.ac6.mcu.externaltools.arm-none.win32_1.15.0.201708311556/tools/compiler/bin/../lib/gcc/arm-none-eabi/6.3.1/../../../../arm-none-eabi/lib/thumb/v7e-m/fpv4-sp/hard\libc_nano.a(lib_a-nano-mallocr.o)
 .debug_frame   0x000032e0       0x3c d:/wbudowane/plugins/fr.ac6.mcu.externaltools.arm-none.win32_1.15.0.201708311556/tools/compiler/bin/../lib/gcc/arm-none-eabi/6.3.1/../../../../arm-none-eabi/lib/thumb/v7e-m/fpv4-sp/hard\libc_nano.a(lib_a-nano-reallocr.o)
 .debug_frame   0x0000331c       0x2c d:/wbudowane/plugins/fr.ac6.mcu.externaltools.arm-none.win32_1.15.0.201708311556/tools/compiler/bin/../lib/gcc/arm-none-eabi/6.3.1/../../../../arm-none-eabi/lib/thumb/v7e-m/fpv4-sp/hard\libc_nano.a(lib_a-sbrkr.o)
 .debug_frame   0x00003348       0x30 d:/wbudowane/plugins/fr.ac6.mcu.externaltools.arm-none.win32_1.15.0.201708311556/tools/compiler/bin/../lib/gcc/arm-none-eabi/6.3.1/../../../../arm-none-eabi/lib/thumb/v7e-m/fpv4-sp/hard\libc_nano.a(lib_a-mlock.o)
 .debug_frame   0x00003378       0x20 d:/wbudowane/plugins/fr.ac6.mcu.externaltools.arm-none.win32_1.15.0.201708311556/tools/compiler/bin/../lib/gcc/arm-none-eabi/6.3.1/../../../../arm-none-eabi/lib/thumb/v7e-m/fpv4-sp/hard\libc_nano.a(lib_a-nano-msizer.o)
 .debug_frame   0x00003398       0x5c d:/wbudowane/plugins/fr.ac6.mcu.externaltools.arm-none.win32_1.15.0.201708311556/tools/compiler/bin/../lib/gcc/arm-none-eabi/6.3.1/../../../../arm-none-eabi/lib/thumb/v7e-m/fpv4-sp/hard\libc_nano.a(lib_a-reent.o)
 .debug_frame   0x000033f4       0x20 d:/wbudowane/plugins/fr.ac6.mcu.externaltools.arm-none.win32_1.15.0.201708311556/tools/compiler/bin/../lib/gcc/arm-none-eabi/6.3.1/../../../../arm-none-eabi/lib/thumb/v7e-m/fpv4-sp/hard\libnosys.a(sbrk.o)
